qsyn v0.8.0 - Copyright © 2022-2026, DVLab NTUEE.
Licensed under Apache 2.0 License. Release build.
qsyn> tableau from-terms /home/chenying/qsyn/out/ncf2q_10cases/Li2-JW14/Li2-JW14.json --use-coeff
Loaded 669 Pauli terms (Li2-JW14) → Tableau 0
  #0 IIIIIIIIIIIIIZ  angle=?  coeff=-0.270483463
  #1 IIIIIIIIIIIIZI  angle=?  coeff=-0.270483463
  #2 IIIIIIIIIIIIZZ  angle=?  coeff=0.0293743982
  #3 IIIIIIIIIIIZII  angle=?  coeff=-0.270483463
  #4 IIIIIIIIIIIZIZ  angle=?  coeff=0.0249490664
  #5 IIIIIIIIIIIZZI  angle=?  coeff=0.026424177
  #6 IIIIIIIIIIXXYY  angle=?  coeff=-0.00147511059
  #7 IIIIIIIIIIXYYX  angle=?  coeff=0.00147511059
  #8 IIIIIIIIIIYXXY  angle=?  coeff=0.00147511059
  #9 IIIIIIIIIIYYXX  angle=?  coeff=-0.00147511059
  #10 IIIIIIIIIIZIII  angle=?  coeff=-0.270483463
  #11 IIIIIIIIIIZIIZ  angle=?  coeff=0.026424177
  #12 IIIIIIIIIIZIZI  angle=?  coeff=0.0249490664
  #13 IIIIIIIIIIZZII  angle=?  coeff=0.0293743982
  #14 IIIIIIIIIZIIII  angle=?  coeff=-0.267369844
  #15 IIIIIIIIIZIIIZ  angle=?  coeff=0.0258746363
  #16 IIIIIIIIIZIIZI  angle=?  coeff=0.0283295688
  #17 IIIIIIIIIZIZII  angle=?  coeff=0.0258746363
  #18 IIIIIIIIIZZIII  angle=?  coeff=0.0283295688
  #19 IIIIIIIIXXIIYY  angle=?  coeff=-0.00245493249
  #20 IIIIIIIIXXYYII  angle=?  coeff=-0.00245493249
  #21 IIIIIIIIXYIIYX  angle=?  coeff=0.00245493249
  #22 IIIIIIIIXYYXII  angle=?  coeff=0.00245493249
  #23 IIIIIIIIYXIIXY  angle=?  coeff=0.00245493249
  #24 IIIIIIIIYXXYII  angle=?  coeff=0.00245493249
  #25 IIIIIIIIYYIIXX  angle=?  coeff=-0.00245493249
  #26 IIIIIIIIYYXXII  angle=?  coeff=-0.00245493249
  #27 IIIIIIIIZIIIII  angle=?  coeff=-0.267369844
  #28 IIIIIIIIZIIIIZ  angle=?  coeff=0.0283295688
  #29 IIIIIIIIZIIIZI  angle=?  coeff=0.0258746363
  #30 IIIIIIIIZIIZII  angle=?  coeff=0.0283295688
  #31 IIIIIIIIZIZIII  angle=?  coeff=0.0258746363
  #32 IIIIIIIIZZIIII  angle=?  coeff=0.0332676239
  #33 IIIIIIIZIIIIII  angle=?  coeff=-0.267409151
  #34 IIIIIIIZIIIIIZ  angle=?  coeff=0.0246577721
  #35 IIIIIIIZIIIIZI  angle=?  coeff=0.0305242567
  #36 IIIIIIIZIIIXZX  angle=?  coeff=-0.000199461842
  #37 IIIIIIIZIIIYZY  angle=?  coeff=-0.000199461842
  #38 IIIIIIIZIIIZII  angle=?  coeff=0.0271270371
  #39 IIIIIIIZIIXZXI  angle=?  coeff=0.000207340375
  #40 IIIIIIIZIIYZYI  angle=?  coeff=0.000207340375
  #41 IIIIIIIZIIZIII  angle=?  coeff=0.0279574582
  #42 IIIIIIIZIZIIII  angle=?  coeff=0.0281878796
  #43 IIIIIIIZZIIIII  angle=?  coeff=0.0292723548
  #44 IIIIIIXXIIIIYY  angle=?  coeff=-0.00586648457
  #45 IIIIIIXXIIIXXI  angle=?  coeff=0.000406802218
  #46 IIIIIIXXIIYYII  angle=?  coeff=-0.000830421092
  #47 IIIIIIXXIIYZZY  angle=?  coeff=0.000406802218
  #48 IIIIIIXXYYIIII  angle=?  coeff=-0.00108447525
  #49 IIIIIIXYIIIIYX  angle=?  coeff=0.00586648457
  #50 IIIIIIXYIIIYXI  angle=?  coeff=0.000406802218
  #51 IIIIIIXYIIYXII  angle=?  coeff=0.000830421092
  #52 IIIIIIXYIIYZZX  angle=?  coeff=-0.000406802218
  #53 IIIIIIXYYXIIII  angle=?  coeff=0.00108447525
  #54 IIIIIIYXIIIIXY  angle=?  coeff=0.00586648457
  #55 IIIIIIYXIIIXYI  angle=?  coeff=0.000406802218
  #56 IIIIIIYXIIXYII  angle=?  coeff=0.000830421092
  #57 IIIIIIYXIIXZZY  angle=?  coeff=-0.000406802218
  #58 IIIIIIYXXYIIII  angle=?  coeff=0.00108447525
  #59 IIIIIIYYIIIIXX  angle=?  coeff=-0.00586648457
  #60 IIIIIIYYIIIYYI  angle=?  coeff=0.000406802218
  #61 IIIIIIYYIIXXII  angle=?  coeff=-0.000830421092
  #62 IIIIIIYYIIXZZX  angle=?  coeff=0.000406802218
  #63 IIIIIIYYXXIIII  angle=?  coeff=-0.00108447525
  #64 IIIIIIZIIIIIII  angle=?  coeff=-0.267409151
  #65 IIIIIIZIIIIIIZ  angle=?  coeff=0.0305242567
  #66 IIIIIIZIIIIIZI  angle=?  coeff=0.0246577721
  #67 IIIIIIZIIIIXZX  angle=?  coeff=0.000207340375
  #68 IIIIIIZIIIIYZY  angle=?  coeff=0.000207340375
  #69 IIIIIIZIIIIZII  angle=?  coeff=0.0279574582
  #70 IIIIIIZIIIXZXI  angle=?  coeff=-0.000199461842
  #71 IIIIIIZIIIYZYI  angle=?  coeff=-0.000199461842
  #72 IIIIIIZIIIZIII  angle=?  coeff=0.0271270371
  #73 IIIIIIZIIZIIII  angle=?  coeff=0.0292723548
  #74 IIIIIIZIZIIIII  angle=?  coeff=0.0281878796
  #75 IIIIIIZZIIIIII  angle=?  coeff=0.036361497
  #76 IIIIIXXIIIIIXX  angle=?  coeff=-0.000406802218
  #77 IIIIIXXIIIIYYI  angle=?  coeff=-0.00427094025
  #78 IIIIIXXIIIXXII  angle=?  coeff=0.000406802218
  #79 IIIIIXXIIIXZZX  angle=?  coeff=-0.00076512323
  #80 IIIIIXYIIIIIYX  angle=?  coeff=-0.000406802218
  #81 IIIIIXYIIIIYXI  angle=?  coeff=0.00427094025
  #82 IIIIIXYIIIYXII  angle=?  coeff=0.000406802218
  #83 IIIIIXYIIIYZZX  angle=?  coeff=-0.00076512323
  #84 IIIIIXZXIIIIIZ  angle=?  coeff=0.000199461842
  #85 IIIIIXZXIIIIZI  angle=?  coeff=-0.000207340375
  #86 IIIIIXZXIIIXZX  angle=?  coeff=0.000518275983
  #87 IIIIIXZXIIIYZY  angle=?  coeff=-0.00298754104
  #88 IIIIIXZXIIIZII  angle=?  coeff=-0.000199461842
  #89 IIIIIXZXIIXZXI  angle=?  coeff=0.00128339921
  #90 IIIIIXZXIIYZYI  angle=?  coeff=0.00128339921
  #91 IIIIIXZXIIZIII  angle=?  coeff=0.000207340375
  #92 IIIIIXZYIIIYZX  angle=?  coeff=0.00350581702
  #93 IIIIIYXIIIIIXY  angle=?  coeff=-0.000406802218
  #94 IIIIIYXIIIIXYI  angle=?  coeff=0.00427094025
  #95 IIIIIYXIIIXYII  angle=?  coeff=0.000406802218
  #96 IIIIIYXIIIXZZY  angle=?  coeff=-0.00076512323
  #97 IIIIIYYIIIIIYY  angle=?  coeff=-0.000406802218
  #98 IIIIIYYIIIIXXI  angle=?  coeff=-0.00427094025
  #99 IIIIIYYIIIYYII  angle=?  coeff=0.000406802218
  #100 IIIIIYYIIIYZZY  angle=?  coeff=-0.00076512323
  #101 IIIIIYZXIIIXZY  angle=?  coeff=0.00350581702
  #102 IIIIIYZYIIIIIZ  angle=?  coeff=0.000199461842
  #103 IIIIIYZYIIIIZI  angle=?  coeff=-0.000207340375
  #104 IIIIIYZYIIIXZX  angle=?  coeff=-0.00298754104
  #105 IIIIIYZYIIIYZY  angle=?  coeff=0.000518275983
  #106 IIIIIYZYIIIZII  angle=?  coeff=-0.000199461842
  #107 IIIIIYZYIIXZXI  angle=?  coeff=0.00128339921
  #108 IIIIIYZYIIYZYI  angle=?  coeff=0.00128339921
  #109 IIIIIYZYIIZIII  angle=?  coeff=0.000207340375
  #110 IIIIIZIIIIIIII  angle=?  coeff=-0.267409151
  #111 IIIIIZIIIIIIIZ  angle=?  coeff=0.0271270371
  #112 IIIIIZIIIIIIZI  angle=?  coeff=0.0279574582
  #113 IIIIIZIIIIIXZX  angle=?  coeff=0.000199461842
  #114 IIIIIZIIIIIYZY  angle=?  coeff=0.000199461842
  #115 IIIIIZIIIIIZII  angle=?  coeff=0.0246577721
  #116 IIIIIZIIIIXZXI  angle=?  coeff=-0.000207340375
  #117 IIIIIZIIIIYZYI  angle=?  coeff=-0.000207340375
  #118 IIIIIZIIIIZIII  angle=?  coeff=0.0305242567
  #119 IIIIIZIIIZIIII  angle=?  coeff=0.0281878796
  #120 IIIIIZIIZIIIII  angle=?  coeff=0.0292723548
  #121 IIIIIZIZIIIIII  angle=?  coeff=0.0306517574
  #122 IIIIIZZIIIIIII  angle=?  coeff=0.0325550039
  #123 IIIIXXIIIIIIYY  angle=?  coeff=-0.000830421092
  #124 IIIIXXIIIIIXXI  angle=?  coeff=-0.000406802218
  #125 IIIIXXIIIIYYII  angle=?  coeff=-0.00586648457
  #126 IIIIXXIIIIYZZY  angle=?  coeff=-0.000406802218
  #127 IIIIXXIIYYIIII  angle=?  coeff=-0.00108447525
  #128 IIIIXXYYIIIIII  angle=?  coeff=-0.00190324652
  #129 IIIIXYIIIIIIYX  angle=?  coeff=0.000830421092
  #130 IIIIXYIIIIIYXI  angle=?  coeff=-0.000406802218
  #131 IIIIXYIIIIYXII  angle=?  coeff=0.00586648457
  #132 IIIIXYIIIIYZZX  angle=?  coeff=0.000406802218
  #133 IIIIXYIIYXIIII  angle=?  coeff=0.00108447525
  #134 IIIIXYYXIIIIII  angle=?  coeff=0.00190324652
  #135 IIIIXZXIIIIIIZ  angle=?  coeff=-0.000207340375
  #136 IIIIXZXIIIIIZI  angle=?  coeff=0.000199461842
  #137 IIIIXZXIIIIXZX  angle=?  coeff=0.00128339921
  #138 IIIIXZXIIIIYZY  angle=?  coeff=0.00128339921
  #139 IIIIXZXIIIIZII  angle=?  coeff=0.000207340375
  #140 IIIIXZXIIIXZXI  angle=?  coeff=0.000518275983
  #141 IIIIXZXIIIYZYI  angle=?  coeff=-0.00298754104
  #142 IIIIXZXIIIZIII  angle=?  coeff=-0.000199461842
  #143 IIIIXZYIIIYZXI  angle=?  coeff=0.00350581702
  #144 IIIIXZZXIIIIYY  angle=?  coeff=-0.000406802218
  #145 IIIIXZZXIIIXXI  angle=?  coeff=-0.00076512323
  #146 IIIIXZZXIIYYII  angle=?  coeff=0.000406802218
  #147 IIIIXZZXIIYZZY  angle=?  coeff=-0.00427094025
  #148 IIIIXZZYIIIIYX  angle=?  coeff=0.000406802218
  #149 IIIIXZZYIIIYXI  angle=?  coeff=-0.00076512323
  #150 IIIIXZZYIIYXII  angle=?  coeff=-0.000406802218
  #151 IIIIXZZYIIYZZX  angle=?  coeff=0.00427094025
  #152 IIIIYXIIIIIIXY  angle=?  coeff=0.000830421092
  #153 IIIIYXIIIIIXYI  angle=?  coeff=-0.000406802218
  #154 IIIIYXIIIIXYII  angle=?  coeff=0.00586648457
  #155 IIIIYXIIIIXZZY  angle=?  coeff=0.000406802218
  #156 IIIIYXIIXYIIII  angle=?  coeff=0.00108447525
  #157 IIIIYXXYIIIIII  angle=?  coeff=0.00190324652
  #158 IIIIYYIIIIIIXX  angle=?  coeff=-0.000830421092
  #159 IIIIYYIIIIIYYI  angle=?  coeff=-0.000406802218
  #160 IIIIYYIIIIXXII  angle=?  coeff=-0.00586648457
  #161 IIIIYYIIIIXZZX  angle=?  coeff=-0.000406802218
  #162 IIIIYYIIXXIIII  angle=?  coeff=-0.00108447525
  #163 IIIIYYXXIIIIII  angle=?  coeff=-0.00190324652
  #164 IIIIYZXIIIXZYI  angle=?  coeff=0.00350581702
  #165 IIIIYZYIIIIIIZ  angle=?  coeff=-0.000207340375
  #166 IIIIYZYIIIIIZI  angle=?  coeff=0.000199461842
  #167 IIIIYZYIIIIXZX  angle=?  coeff=0.00128339921
  #168 IIIIYZYIIIIYZY  angle=?  coeff=0.00128339921
  #169 IIIIYZYIIIIZII  angle=?  coeff=0.000207340375
  #170 IIIIYZYIIIXZXI  angle=?  coeff=-0.00298754104
  #171 IIIIYZYIIIYZYI  angle=?  coeff=0.000518275983
  #172 IIIIYZYIIIZIII  angle=?  coeff=-0.000199461842
  #173 IIIIYZZXIIIIXY  angle=?  coeff=0.000406802218
  #174 IIIIYZZXIIIXYI  angle=?  coeff=-0.00076512323
  #175 IIIIYZZXIIXYII  angle=?  coeff=-0.000406802218
  #176 IIIIYZZXIIXZZY  angle=?  coeff=0.00427094025
  #177 IIIIYZZYIIIIXX  angle=?  coeff=-0.000406802218
  #178 IIIIYZZYIIIYYI  angle=?  coeff=-0.00076512323
  #179 IIIIYZZYIIXXII  angle=?  coeff=0.000406802218
  #180 IIIIYZZYIIXZZX  angle=?  coeff=-0.00427094025
  #181 IIIIZIIIIIIIII  angle=?  coeff=-0.267409151
  #182 IIIIZIIIIIIIIZ  angle=?  coeff=0.0279574582
  #183 IIIIZIIIIIIIZI  angle=?  coeff=0.0271270371
  #184 IIIIZIIIIIIXZX  angle=?  coeff=-0.000207340375
  #185 IIIIZIIIIIIYZY  angle=?  coeff=-0.000207340375
  #186 IIIIZIIIIIIZII  angle=?  coeff=0.0305242567
  #187 IIIIZIIIIIXZXI  angle=?  coeff=0.000199461842
  #188 IIIIZIIIIIYZYI  angle=?  coeff=0.000199461842
  #189 IIIIZIIIIIZIII  angle=?  coeff=0.0246577721
  #190 IIIIZIIIIZIIII  angle=?  coeff=0.0292723548
  #191 IIIIZIIIZIIIII  angle=?  coeff=0.0281878796
  #192 IIIIZIIZIIIIII  angle=?  coeff=0.0325550039
  #193 IIIIZIZIIIIIII  angle=?  coeff=0.0306517574
  #194 IIIIZZIIIIIIII  angle=?  coeff=0.036361497
  #195 IIIXXIIIIYYIII  angle=?  coeff=-0.00621845194
  #196 IIIXXIIIIYZZYI  angle=?  coeff=-0.000499077445
  #197 IIIXXIIIXZZXII  angle=?  coeff=-0.00139576796
  #198 IIIXXIIIXZZZZX  angle=?  coeff=-0.000112020855
  #199 IIIXYIIIIYXIII  angle=?  coeff=0.00621845194
  #200 IIIXYIIIIYZZXI  angle=?  coeff=0.000499077445
  #201 IIIXYIIIYZZXII  angle=?  coeff=-0.00139576796
  #202 IIIXYIIIYZZZZX  angle=?  coeff=-0.000112020855
  #203 IIIXZXIIIXZXII  angle=?  coeff=0.000468898288
  #204 IIIXZXIIIXZZZX  angle=?  coeff=3.76326072e-05
  #205 IIIXZXIIIYZYII  angle=?  coeff=-0.0043537857
  #206 IIIXZXIIIYZZZY  angle=?  coeff=-0.000349423983
  #207 IIIXZXIIXZXIII  angle=?  coeff=0.00186466624
  #208 IIIXZXIIXZZZXI  angle=?  coeff=0.000149653463
  #209 IIIXZXIIYZYIII  angle=?  coeff=0.00186466624
  #210 IIIXZXIIYZZZYI  angle=?  coeff=0.000149653463
  #211 IIIXZYIIIYZXII  angle=?  coeff=0.00482268399
  #212 IIIXZYIIIYZZZX  angle=?  coeff=0.00038705659
  #213 IIIXZZXIIYYIII  angle=?  coeff=0.000499077445
  #214 IIIXZZXIIYZZYI  angle=?  coeff=-0.00621845194
  #215 IIIXZZXIXZZXII  angle=?  coeff=0.000112020855
  #216 IIIXZZXIXZZZZX  angle=?  coeff=-0.00139576796
  #217 IIIXZZYIIYXIII  angle=?  coeff=-0.000499077445
  #218 IIIXZZYIIYZZXI  angle=?  coeff=0.00621845194
  #219 IIIXZZYIYZZXII  angle=?  coeff=0.000112020855
  #220 IIIXZZYIYZZZZX  angle=?  coeff=-0.00139576796
  #221 IIIXZZZXIXZXII  angle=?  coeff=-3.76326072e-05
  #222 IIIXZZZXIXZZZX  angle=?  coeff=0.000468898288
  #223 IIIXZZZXIYZYII  angle=?  coeff=0.000349423983
  #224 IIIXZZZXIYZZZY  angle=?  coeff=-0.0043537857
  #225 IIIXZZZXXZXIII  angle=?  coeff=-0.000149653463
  #226 IIIXZZZXXZZZXI  angle=?  coeff=0.00186466624
  #227 IIIXZZZXYZYIII  angle=?  coeff=-0.000149653463
  #228 IIIXZZZXYZZZYI  angle=?  coeff=0.00186466624
  #229 IIIXZZZYIYZXII  angle=?  coeff=-0.00038705659
  #230 IIIXZZZYIYZZZX  angle=?  coeff=0.00482268399
  #231 IIIYXIIIIXYIII  angle=?  coeff=0.00621845194
  #232 IIIYXIIIIXZZYI  angle=?  coeff=0.000499077445
  #233 IIIYXIIIXZZYII  angle=?  coeff=-0.00139576796
  #234 IIIYXIIIXZZZZY  angle=?  coeff=-0.000112020855
  #235 IIIYYIIIIXXIII  angle=?  coeff=-0.00621845194
  #236 IIIYYIIIIXZZXI  angle=?  coeff=-0.000499077445
  #237 IIIYYIIIYZZYII  angle=?  coeff=-0.00139576796
  #238 IIIYYIIIYZZZZY  angle=?  coeff=-0.000112020855
  #239 IIIYZXIIIXZYII  angle=?  coeff=0.00482268399
  #240 IIIYZXIIIXZZZY  angle=?  coeff=0.00038705659
  #241 IIIYZYIIIXZXII  angle=?  coeff=-0.0043537857
  #242 IIIYZYIIIXZZZX  angle=?  coeff=-0.000349423983
  #243 IIIYZYIIIYZYII  angle=?  coeff=0.000468898288
  #244 IIIYZYIIIYZZZY  angle=?  coeff=3.76326072e-05
  #245 IIIYZYIIXZXIII  angle=?  coeff=0.00186466624
  #246 IIIYZYIIXZZZXI  angle=?  coeff=0.000149653463
  #247 IIIYZYIIYZYIII  angle=?  coeff=0.00186466624
  #248 IIIYZYIIYZZZYI  angle=?  coeff=0.000149653463
  #249 IIIYZZXIIXYIII  angle=?  coeff=-0.000499077445
  #250 IIIYZZXIIXZZYI  angle=?  coeff=0.00621845194
  #251 IIIYZZXIXZZYII  angle=?  coeff=0.000112020855
  #252 IIIYZZXIXZZZZY  angle=?  coeff=-0.00139576796
  #253 IIIYZZYIIXXIII  angle=?  coeff=0.000499077445
  #254 IIIYZZYIIXZZXI  angle=?  coeff=-0.00621845194
  #255 IIIYZZYIYZZYII  angle=?  coeff=0.000112020855
  #256 IIIYZZYIYZZZZY  angle=?  coeff=-0.00139576796
  #257 IIIYZZZXIXZYII  angle=?  coeff=-0.00038705659
  #258 IIIYZZZXIXZZZY  angle=?  coeff=0.00482268399
  #259 IIIYZZZYIXZXII  angle=?  coeff=0.000349423983
  #260 IIIYZZZYIXZZZX  angle=?  coeff=-0.0043537857
  #261 IIIYZZZYIYZYII  angle=?  coeff=-3.76326072e-05
  #262 IIIYZZZYIYZZZY  angle=?  coeff=0.000468898288
  #263 IIIYZZZYXZXIII  angle=?  coeff=-0.000149653463
  #264 IIIYZZZYXZZZXI  angle=?  coeff=0.00186466624
  #265 IIIYZZZYYZYIII  angle=?  coeff=-0.000149653463
  #266 IIIYZZZYYZZZYI  angle=?  coeff=0.00186466624
  #267 IIIZIIIIIIIIII  angle=?  coeff=-0.252966636
  #268 IIIZIIIIIIIIIZ  angle=?  coeff=0.0250114735
  #269 IIIZIIIIIIIIZI  angle=?  coeff=0.0292969396
  #270 IIIZIIIIIIIZII  angle=?  coeff=0.0250114735
  #271 IIIZIIIIIIZIII  angle=?  coeff=0.0292969396
  #272 IIIZIIIIIZIIII  angle=?  coeff=0.0213460377
  #273 IIIZIIIIZIIIII  angle=?  coeff=0.0333402464
  #274 IIIZIIIZIIIIII  angle=?  coeff=0.0285008611
  #275 IIIZIIZIIIIIII  angle=?  coeff=0.0305153447
  #276 IIIZIZIIIIIIII  angle=?  coeff=0.0285008611
  #277 IIIZZIIIIIIIII  angle=?  coeff=0.0305153447
  #278 IIXXIIIIIIIIYY  angle=?  coeff=-0.00428546614
  #279 IIXXIIIIIIYYII  angle=?  coeff=-0.00428546614
  #280 IIXXIIIIYYIIII  angle=?  coeff=-0.0119942087
  #281 IIXXIIYYIIIIII  angle=?  coeff=-0.00201448354
  #282 IIXXYYIIIIIIII  angle=?  coeff=-0.00201448354
  #283 IIXYIIIIIIIIYX  angle=?  coeff=0.00428546614
  #284 IIXYIIIIIIYXII  angle=?  coeff=0.00428546614
  #285 IIXYIIIIYXIIII  angle=?  coeff=0.0119942087
  #286 IIXYIIYXIIIIII  angle=?  coeff=0.00201448354
  #287 IIXYYXIIIIIIII  angle=?  coeff=0.00201448354
  #288 IIXZXIIIIXZXII  angle=?  coeff=0.00186466624
  #289 IIXZXIIIIXZZZX  angle=?  coeff=0.000149653463
  #290 IIXZXIIIIYZYII  angle=?  coeff=0.00186466624
  #291 IIXZXIIIIYZZZY  angle=?  coeff=0.000149653463
  #292 IIXZXIIIXZXIII  angle=?  coeff=0.000468898288
  #293 IIXZXIIIXZZZXI  angle=?  coeff=3.76326072e-05
  #294 IIXZXIIIYZYIII  angle=?  coeff=-0.0043537857
  #295 IIXZXIIIYZZZYI  angle=?  coeff=-0.000349423983
  #296 IIXZYIIIYZXIII  angle=?  coeff=0.00482268399
  #297 IIXZYIIIYZZZXI  angle=?  coeff=0.00038705659
  #298 IIXZZXIIIXXIII  angle=?  coeff=-0.00139576796
  #299 IIXZZXIIIXZZXI  angle=?  coeff=-0.000112020855
  #300 IIXZZXIIYZZYII  angle=?  coeff=-0.00621845194
  #301 IIXZZXIIYZZZZY  angle=?  coeff=-0.000499077445
  #302 IIXZZYIIIYXIII  angle=?  coeff=-0.00139576796
  #303 IIXZZYIIIYZZXI  angle=?  coeff=-0.000112020855
  #304 IIXZZYIIYZZXII  angle=?  coeff=0.00621845194
  #305 IIXZZYIIYZZZZX  angle=?  coeff=0.000499077445
  #306 IIXZZZXIIXZXII  angle=?  coeff=-0.000149653463
  #307 IIXZZZXIIXZZZX  angle=?  coeff=0.00186466624
  #308 IIXZZZXIIYZYII  angle=?  coeff=-0.000149653463
  #309 IIXZZZXIIYZZZY  angle=?  coeff=0.00186466624
  #310 IIXZZZXIXZXIII  angle=?  coeff=-3.76326072e-05
  #311 IIXZZZXIXZZZXI  angle=?  coeff=0.000468898288
  #312 IIXZZZXIYZYIII  angle=?  coeff=0.000349423983
  #313 IIXZZZXIYZZZYI  angle=?  coeff=-0.0043537857
  #314 IIXZZZYIYZXIII  angle=?  coeff=-0.00038705659
  #315 IIXZZZYIYZZZXI  angle=?  coeff=0.00482268399
  #316 IIXZZZZXIXXIII  angle=?  coeff=0.000112020855
  #317 IIXZZZZXIXZZXI  angle=?  coeff=-0.00139576796
  #318 IIXZZZZXYZZYII  angle=?  coeff=0.000499077445
  #319 IIXZZZZXYZZZZY  angle=?  coeff=-0.00621845194
  #320 IIXZZZZYIYXIII  angle=?  coeff=0.000112020855
  #321 IIXZZZZYIYZZXI  angle=?  coeff=-0.00139576796
  #322 IIXZZZZYYZZXII  angle=?  coeff=-0.000499077445
  #323 IIXZZZZYYZZZZX  angle=?  coeff=0.00621845194
  #324 IIYXIIIIIIIIXY  angle=?  coeff=0.00428546614
  #325 IIYXIIIIIIXYII  angle=?  coeff=0.00428546614
  #326 IIYXIIIIXYIIII  angle=?  coeff=0.0119942087
  #327 IIYXIIXYIIIIII  angle=?  coeff=0.00201448354
  #328 IIYXXYIIIIIIII  angle=?  coeff=0.00201448354
  #329 IIYYIIIIIIIIXX  angle=?  coeff=-0.00428546614
  #330 IIYYIIIIIIXXII  angle=?  coeff=-0.00428546614
  #331 IIYYIIIIXXIIII  angle=?  coeff=-0.0119942087
  #332 IIYYIIXXIIIIII  angle=?  coeff=-0.00201448354
  #333 IIYYXXIIIIIIII  angle=?  coeff=-0.00201448354
  #334 IIYZXIIIXZYIII  angle=?  coeff=0.00482268399
  #335 IIYZXIIIXZZZYI  angle=?  coeff=0.00038705659
  #336 IIYZYIIIIXZXII  angle=?  coeff=0.00186466624
  #337 IIYZYIIIIXZZZX  angle=?  coeff=0.000149653463
  #338 IIYZYIIIIYZYII  angle=?  coeff=0.00186466624
  #339 IIYZYIIIIYZZZY  angle=?  coeff=0.000149653463
  #340 IIYZYIIIXZXIII  angle=?  coeff=-0.0043537857
  #341 IIYZYIIIXZZZXI  angle=?  coeff=-0.000349423983
  #342 IIYZYIIIYZYIII  angle=?  coeff=0.000468898288
  #343 IIYZYIIIYZZZYI  angle=?  coeff=3.76326072e-05
  #344 IIYZZXIIIXYIII  angle=?  coeff=-0.00139576796
  #345 IIYZZXIIIXZZYI  angle=?  coeff=-0.000112020855
  #346 IIYZZXIIXZZYII  angle=?  coeff=0.00621845194
  #347 IIYZZXIIXZZZZY  angle=?  coeff=0.000499077445
  #348 IIYZZYIIIYYIII  angle=?  coeff=-0.00139576796
  #349 IIYZZYIIIYZZYI  angle=?  coeff=-0.000112020855
  #350 IIYZZYIIXZZXII  angle=?  coeff=-0.00621845194
  #351 IIYZZYIIXZZZZX  angle=?  coeff=-0.000499077445
  #352 IIYZZZXIXZYIII  angle=?  coeff=-0.00038705659
  #353 IIYZZZXIXZZZYI  angle=?  coeff=0.00482268399
  #354 IIYZZZYIIXZXII  angle=?  coeff=-0.000149653463
  #355 IIYZZZYIIXZZZX  angle=?  coeff=0.00186466624
  #356 IIYZZZYIIYZYII  angle=?  coeff=-0.000149653463
  #357 IIYZZZYIIYZZZY  angle=?  coeff=0.00186466624
  #358 IIYZZZYIXZXIII  angle=?  coeff=0.000349423983
  #359 IIYZZZYIXZZZXI  angle=?  coeff=-0.0043537857
  #360 IIYZZZYIYZYIII  angle=?  coeff=-3.76326072e-05
  #361 IIYZZZYIYZZZYI  angle=?  coeff=0.000468898288
  #362 IIYZZZZXIXYIII  angle=?  coeff=0.000112020855
  #363 IIYZZZZXIXZZYI  angle=?  coeff=-0.00139576796
  #364 IIYZZZZXXZZYII  angle=?  coeff=-0.000499077445
  #365 IIYZZZZXXZZZZY  angle=?  coeff=0.00621845194
  #366 IIYZZZZYIYYIII  angle=?  coeff=0.000112020855
  #367 IIYZZZZYIYZZYI  angle=?  coeff=-0.00139576796
  #368 IIYZZZZYXZZXII  angle=?  coeff=0.000499077445
  #369 IIYZZZZYXZZZZX  angle=?  coeff=-0.00621845194
  #370 IIZIIIIIIIIIII  angle=?  coeff=-0.252966636
  #371 IIZIIIIIIIIIIZ  angle=?  coeff=0.0292969396
  #372 IIZIIIIIIIIIZI  angle=?  coeff=0.0250114735
  #373 IIZIIIIIIIIZII  angle=?  coeff=0.0292969396
  #374 IIZIIIIIIIZIII  angle=?  coeff=0.0250114735
  #375 IIZIIIIIIZIIII  angle=?  coeff=0.0333402464
  #376 IIZIIIIIZIIIII  angle=?  coeff=0.0213460377
  #377 IIZIIIIZIIIIII  angle=?  coeff=0.0305153447
  #378 IIZIIIZIIIIIII  angle=?  coeff=0.0285008611
  #379 IIZIIZIIIIIIII  angle=?  coeff=0.0305153447
  #380 IIZIZIIIIIIIII  angle=?  coeff=0.0285008611
  #381 IIZZIIIIIIIIII  angle=?  coeff=0.0345987447
  #382 IXIZZZZZZXIIII  angle=?  coeff=0.000245452652
  #383 IXXIIIIYZZYIII  angle=?  coeff=-0.000292801851
  #384 IXXIIIIYZZZZYI  angle=?  coeff=0.00364827996
  #385 IXXIIIXZZZZXII  angle=?  coeff=-0.00012674416
  #386 IXXIIIXZZZZZZX  angle=?  coeff=0.00157921876
  #387 IXXIIYZZZZYIII  angle=?  coeff=0.00364827996
  #388 IXXIIYZZZZZZYI  angle=?  coeff=0.000292801851
  #389 IXXIXZZZZZZXII  angle=?  coeff=0.00157921876
  #390 IXXIXZZZZZZZZX  angle=?  coeff=0.00012674416
  #391 IXXYZZZZYIIIII  angle=?  coeff=0.00615576124
  #392 IXYIIIIYZZXIII  angle=?  coeff=0.000292801851
  #393 IXYIIIIYZZZZXI  angle=?  coeff=-0.00364827996
  #394 IXYIIIYZZZZXII  angle=?  coeff=-0.00012674416
  #395 IXYIIIYZZZZZZX  angle=?  coeff=0.00157921876
  #396 IXYIIYZZZZXIII  angle=?  coeff=-0.00364827996
  #397 IXYIIYZZZZZZXI  angle=?  coeff=-0.000292801851
  #398 IXYIYZZZZZZXII  angle=?  coeff=0.00157921876
  #399 IXYIYZZZZZZZZX  angle=?  coeff=0.00012674416
  #400 IXYYZZZZXIIIII  angle=?  coeff=-0.00615576124
  #401 IXZIZZZZZXIIII  angle=?  coeff=-0.00591030859
  #402 IXZXIIIXZZZXII  angle=?  coeff=0.000216508591
  #403 IXZXIIIXZZZZZX  angle=?  coeff=-0.00269767404
  #404 IXZXIIIYZZZYII  angle=?  coeff=5.04508993e-05
  #405 IXZXIIIYZZZZZY  angle=?  coeff=-0.000628612845
  #406 IXZXIIXZZZXIII  angle=?  coeff=0.000343252751
  #407 IXZXIIXZZZZZXI  angle=?  coeff=-0.0042768928
  #408 IXZXIIYZZZYIII  angle=?  coeff=0.000343252751
  #409 IXZXIIYZZZZZYI  angle=?  coeff=-0.0042768928
  #410 IXZXIXZZZZZXII  angle=?  coeff=-0.00269767404
  #411 IXZXIXZZZZZZZX  angle=?  coeff=-0.000216508591
  #412 IXZXIYZZZZZYII  angle=?  coeff=-0.000628612845
  #413 IXZXIYZZZZZZZY  angle=?  coeff=-5.04508993e-05
  #414 IXZXXZZZZZXIII  angle=?  coeff=-0.0042768928
  #415 IXZXXZZZZZZZXI  angle=?  coeff=-0.000343252751
  #416 IXZXYZZZZZYIII  angle=?  coeff=-0.0042768928
  #417 IXZXYZZZZZZZYI  angle=?  coeff=-0.000343252751
  #418 IXZYIIIYZZZXII  angle=?  coeff=0.000166057692
  #419 IXZYIIIYZZZZZX  angle=?  coeff=-0.00206906119
  #420 IXZYIYZZZZZXII  angle=?  coeff=-0.00206906119
  #421 IXZYIYZZZZZZZX  angle=?  coeff=-0.000166057692
  #422 IXZZIZZZZXIIII  angle=?  coeff=-0.00337045601
  #423 IXZZXYZZYIIIII  angle=?  coeff=-0.000146532242
  #424 IXZZYYZZXIIIII  angle=?  coeff=0.000146532242
  #425 IXZZZIZZZXIIII  angle=?  coeff=-0.00322392377
  #426 IXZZZZIZZXIIII  angle=?  coeff=-0.00337045601
  #427 IXZZZZXYYIIIII  angle=?  coeff=-0.000146532242
  #428 IXZZZZYYXIIIII  angle=?  coeff=0.000146532242
  #429 IXZZZZZIZXIIII  angle=?  coeff=-0.00322392377
  #430 IXZZZZZZIXIIII  angle=?  coeff=-0.000379916311
  #431 IXZZZZZZXIIIXX  angle=?  coeff=0.00129080228
  #432 IXZZZZZZXIXXII  angle=?  coeff=0.00129080228
  #433 IXZZZZZZYIIIYX  angle=?  coeff=0.00129080228
  #434 IXZZZZZZYIYXII  angle=?  coeff=0.00129080228
  #435 IXZZZZZZZXIIII  angle=?  coeff=0.0149936513
  #436 IXZZZZZZZXIIIZ  angle=?  coeff=-0.00174032788
  #437 IXZZZZZZZXIIZI  angle=?  coeff=-0.0004495256
  #438 IXZZZZZZZXIZII  angle=?  coeff=-0.00174032788
  #439 IXZZZZZZZXZIII  angle=?  coeff=-0.0004495256
  #440 IYIZZZZZZYIIII  angle=?  coeff=0.000245452652
  #441 IYXIIIIXZZYIII  angle=?  coeff=0.000292801851
  #442 IYXIIIIXZZZZYI  angle=?  coeff=-0.00364827996
  #443 IYXIIIXZZZZYII  angle=?  coeff=-0.00012674416
  #444 IYXIIIXZZZZZZY  angle=?  coeff=0.00157921876
  #445 IYXIIXZZZZYIII  angle=?  coeff=-0.00364827996
  #446 IYXIIXZZZZZZYI  angle=?  coeff=-0.000292801851
  #447 IYXIXZZZZZZYII  angle=?  coeff=0.00157921876
  #448 IYXIXZZZZZZZZY  angle=?  coeff=0.00012674416
  #449 IYXXZZZZYIIIII  angle=?  coeff=-0.00615576124
  #450 IYYIIIIXZZXIII  angle=?  coeff=-0.000292801851
  #451 IYYIIIIXZZZZXI  angle=?  coeff=0.00364827996
  #452 IYYIIIYZZZZYII  angle=?  coeff=-0.00012674416
  #453 IYYIIIYZZZZZZY  angle=?  coeff=0.00157921876
  #454 IYYIIXZZZZXIII  angle=?  coeff=0.00364827996
  #455 IYYIIXZZZZZZXI  angle=?  coeff=0.000292801851
  #456 IYYIYZZZZZZYII  angle=?  coeff=0.00157921876
  #457 IYYIYZZZZZZZZY  angle=?  coeff=0.00012674416
  #458 IYYXZZZZXIIIII  angle=?  coeff=0.00615576124
  #459 IYZIZZZZZYIIII  angle=?  coeff=-0.00591030859
  #460 IYZXIIIXZZZYII  angle=?  coeff=0.000166057692
  #461 IYZXIIIXZZZZZY  angle=?  coeff=-0.00206906119
  #462 IYZXIXZZZZZYII  angle=?  coeff=-0.00206906119
  #463 IYZXIXZZZZZZZY  angle=?  coeff=-0.000166057692
  #464 IYZYIIIXZZZXII  angle=?  coeff=5.04508993e-05
  #465 IYZYIIIXZZZZZX  angle=?  coeff=-0.000628612845
  #466 IYZYIIIYZZZYII  angle=?  coeff=0.000216508591
  #467 IYZYIIIYZZZZZY  angle=?  coeff=-0.00269767404
  #468 IYZYIIXZZZXIII  angle=?  coeff=0.000343252751
  #469 IYZYIIXZZZZZXI  angle=?  coeff=-0.0042768928
  #470 IYZYIIYZZZYIII  angle=?  coeff=0.000343252751
  #471 IYZYIIYZZZZZYI  angle=?  coeff=-0.0042768928
  #472 IYZYIXZZZZZXII  angle=?  coeff=-0.000628612845
  #473 IYZYIXZZZZZZZX  angle=?  coeff=-5.04508993e-05
  #474 IYZYIYZZZZZYII  angle=?  coeff=-0.00269767404
  #475 IYZYIYZZZZZZZY  angle=?  coeff=-0.000216508591
  #476 IYZYXZZZZZXIII  angle=?  coeff=-0.0042768928
  #477 IYZYXZZZZZZZXI  angle=?  coeff=-0.000343252751
  #478 IYZYYZZZZZYIII  angle=?  coeff=-0.0042768928
  #479 IYZYYZZZZZZZYI  angle=?  coeff=-0.000343252751
  #480 IYZZIZZZZYIIII  angle=?  coeff=-0.00337045601
  #481 IYZZXXZZYIIIII  angle=?  coeff=0.000146532242
  #482 IYZZYXZZXIIIII  angle=?  coeff=-0.000146532242
  #483 IYZZZIZZZYIIII  angle=?  coeff=-0.00322392377
  #484 IYZZZZIZZYIIII  angle=?  coeff=-0.00337045601
  #485 IYZZZZXXYIIIII  angle=?  coeff=0.000146532242
  #486 IYZZZZYXXIIIII  angle=?  coeff=-0.000146532242
  #487 IYZZZZZIZYIIII  angle=?  coeff=-0.00322392377
  #488 IYZZZZZZIYIIII  angle=?  coeff=-0.000379916311
  #489 IYZZZZZZXIIIXY  angle=?  coeff=0.00129080228
  #490 IYZZZZZZXIXYII  angle=?  coeff=0.00129080228
  #491 IYZZZZZZYIIIYY  angle=?  coeff=0.00129080228
  #492 IYZZZZZZYIYYII  angle=?  coeff=0.00129080228
  #493 IYZZZZZZZYIIII  angle=?  coeff=0.0149936513
  #494 IYZZZZZZZYIIIZ  angle=?  coeff=-0.00174032788
  #495 IYZZZZZZZYIIZI  angle=?  coeff=-0.0004495256
  #496 IYZZZZZZZYIZII  angle=?  coeff=-0.00174032788
  #497 IYZZZZZZZYZIII  angle=?  coeff=-0.0004495256
  #498 IZIIIIIIIIIIII  angle=?  coeff=-0.259743727
  #499 IZIIIIIIIIIIIZ  angle=?  coeff=0.0306216206
  #500 IZIIIIIIIIIIZI  angle=?  coeff=0.0319185023
  #501 IZIIIIIIIIIZII  angle=?  coeff=0.0306216206
  #502 IZIIIIIIIIZIII  angle=?  coeff=0.0319185023
  #503 IZIIIIIIIZIIII  angle=?  coeff=0.0312399644
  #504 IZIIIIIIZIIIII  angle=?  coeff=0.0351200302
  #505 IZIIIIIZIIIIII  angle=?  coeff=0.0344433714
  #506 IZIIIIZIIIIIII  angle=?  coeff=0.0405822993
  #507 IZIIIZIIIIIIII  angle=?  coeff=0.0344433714
  #508 IZIIZIIIIIIIII  angle=?  coeff=0.0405822993
  #509 IZIZIIIIIIIIII  angle=?  coeff=0.0311424089
  #510 IZZIIIIIIIIIII  angle=?  coeff=0.0359778446
  #511 XIZZZZZZXIIIII  angle=?  coeff=-0.00861955865
  #512 XXIIIIIIIIIIYY  angle=?  coeff=-0.00129688175
  #513 XXIIIIIIIIYYII  angle=?  coeff=-0.00129688175
  #514 XXIIIIIIYYIIII  angle=?  coeff=-0.00388006577
  #515 XXIIIIYYIIIIII  angle=?  coeff=-0.00613892796
  #516 XXIIYYIIIIIIII  angle=?  coeff=-0.00613892796
  #517 XXYYIIIIIIIIII  angle=?  coeff=-0.00483543568
  #518 XYIIIIIIIIIIYX  angle=?  coeff=0.00129688175
  #519 XYIIIIIIIIYXII  angle=?  coeff=0.00129688175
  #520 XYIIIIIIYXIIII  angle=?  coeff=0.00388006577
  #521 XYIIIIYXIIIIII  angle=?  coeff=0.00613892796
  #522 XYIIYXIIIIIIII  angle=?  coeff=0.00613892796
  #523 XYYXIIIIIIIIII  angle=?  coeff=0.00483543568
  #524 XZIZZZZZXIIIII  angle=?  coeff=-0.00591030859
  #525 XZXIIIIXZZZXII  angle=?  coeff=0.000343252751
  #526 XZXIIIIXZZZZZX  angle=?  coeff=-0.0042768928
  #527 XZXIIIIYZZZYII  angle=?  coeff=0.000343252751
  #528 XZXIIIIYZZZZZY  angle=?  coeff=-0.0042768928
  #529 XZXIIIXZZZXIII  angle=?  coeff=0.000216508591
  #530 XZXIIIXZZZZZXI  angle=?  coeff=-0.00269767404
  #531 XZXIIIYZZZYIII  angle=?  coeff=5.04508993e-05
  #532 XZXIIIYZZZZZYI  angle=?  coeff=-0.000628612845
  #533 XZXIIXZZZZZXII  angle=?  coeff=-0.0042768928
  #534 XZXIIXZZZZZZZX  angle=?  coeff=-0.000343252751
  #535 XZXIIYZZZZZYII  angle=?  coeff=-0.0042768928
  #536 XZXIIYZZZZZZZY  angle=?  coeff=-0.000343252751
  #537 XZXIXZZZZZXIII  angle=?  coeff=-0.00269767404
  #538 XZXIXZZZZZZZXI  angle=?  coeff=-0.000216508591
  #539 XZXIYZZZZZYIII  angle=?  coeff=-0.000628612845
  #540 XZXIYZZZZZZZYI  angle=?  coeff=-5.04508993e-05
  #541 XZXXZZZZZXIIII  angle=?  coeff=-0.00615576124
  #542 XZXYZZZZZYIIII  angle=?  coeff=-0.00615576124
  #543 XZYIIIYZZZXIII  angle=?  coeff=0.000166057692
  #544 XZYIIIYZZZZZXI  angle=?  coeff=-0.00206906119
  #545 XZYIYZZZZZXIII  angle=?  coeff=-0.00206906119
  #546 XZYIYZZZZZZZXI  angle=?  coeff=-0.000166057692
  #547 XZZIZZZZXIIIII  angle=?  coeff=0.000245452652
  #548 XZZXIIIXZZXIII  angle=?  coeff=-0.00012674416
  #549 XZZXIIIXZZZZXI  angle=?  coeff=0.00157921876
  #550 XZZXIIYZZZZYII  angle=?  coeff=-0.000292801851
  #551 XZZXIIYZZZZZZY  angle=?  coeff=0.00364827996
  #552 XZZXIXZZZZXIII  angle=?  coeff=0.00157921876
  #553 XZZXIXZZZZZZXI  angle=?  coeff=0.00012674416
  #554 XZZXYZZZZZZYII  angle=?  coeff=0.00364827996
  #555 XZZXYZZZZZZZZY  angle=?  coeff=0.000292801851
  #556 XZZYIIIYZZXIII  angle=?  coeff=-0.00012674416
  #557 XZZYIIIYZZZZXI  angle=?  coeff=0.00157921876
  #558 XZZYIIYZZZZXII  angle=?  coeff=0.000292801851
  #559 XZZYIIYZZZZZZX  angle=?  coeff=-0.00364827996
  #560 XZZYIYZZZZXIII  angle=?  coeff=0.00157921876
  #561 XZZYIYZZZZZZXI  angle=?  coeff=0.00012674416
  #562 XZZYYZZZZZZXII  angle=?  coeff=-0.00364827996
  #563 XZZYYZZZZZZZZX  angle=?  coeff=-0.000292801851
  #564 XZZZIZZZXIIIII  angle=?  coeff=-0.00322392377
  #565 XZZZXXZZZXIIII  angle=?  coeff=0.000146532242
  #566 XZZZXYZZZYIIII  angle=?  coeff=0.000146532242
  #567 XZZZZIZZXIIIII  angle=?  coeff=-0.00337045601
  #568 XZZZZZIZXIIIII  angle=?  coeff=-0.00322392377
  #569 XZZZZZXXZXIIII  angle=?  coeff=0.000146532242
  #570 XZZZZZXYZYIIII  angle=?  coeff=0.000146532242
  #571 XZZZZZZIXIIIII  angle=?  coeff=-0.00337045601
  #572 XZZZZZZZXIIIII  angle=?  coeff=0.0149936513
  #573 XZZZZZZZXIIIIZ  angle=?  coeff=-0.0004495256
  #574 XZZZZZZZXIIIZI  angle=?  coeff=-0.00174032788
  #575 XZZZZZZZXIIZII  angle=?  coeff=-0.0004495256
  #576 XZZZZZZZXIZIII  angle=?  coeff=-0.00174032788
  #577 XZZZZZZZXZIIII  angle=?  coeff=-0.000379916311
  #578 XZZZZZZZZXIIYY  angle=?  coeff=0.00129080228
  #579 XZZZZZZZZXYYII  angle=?  coeff=0.00129080228
  #580 XZZZZZZZZYIIYX  angle=?  coeff=-0.00129080228
  #581 XZZZZZZZZYYXII  angle=?  coeff=-0.00129080228
  #582 YIZZZZZZYIIIII  angle=?  coeff=-0.00861955865
  #583 YXIIIIIIIIIIXY  angle=?  coeff=0.00129688175
  #584 YXIIIIIIIIXYII  angle=?  coeff=0.00129688175
  #585 YXIIIIIIXYIIII  angle=?  coeff=0.00388006577
  #586 YXIIIIXYIIIIII  angle=?  coeff=0.00613892796
  #587 YXIIXYIIIIIIII  angle=?  coeff=0.00613892796
  #588 YXXYIIIIIIIIII  angle=?  coeff=0.00483543568
  #589 YYIIIIIIIIIIXX  angle=?  coeff=-0.00129688175
  #590 YYIIIIIIIIXXII  angle=?  coeff=-0.00129688175
  #591 YYIIIIIIXXIIII  angle=?  coeff=-0.00388006577
  #592 YYIIIIXXIIIIII  angle=?  coeff=-0.00613892796
  #593 YYIIXXIIIIIIII  angle=?  coeff=-0.00613892796
  #594 YYXXIIIIIIIIII  angle=?  coeff=-0.00483543568
  #595 YZIZZZZZYIIIII  angle=?  coeff=-0.00591030859
  #596 YZXIIIXZZZYIII  angle=?  coeff=0.000166057692
  #597 YZXIIIXZZZZZYI  angle=?  coeff=-0.00206906119
  #598 YZXIXZZZZZYIII  angle=?  coeff=-0.00206906119
  #599 YZXIXZZZZZZZYI  angle=?  coeff=-0.000166057692
  #600 YZYIIIIXZZZXII  angle=?  coeff=0.000343252751
  #601 YZYIIIIXZZZZZX  angle=?  coeff=-0.0042768928
  #602 YZYIIIIYZZZYII  angle=?  coeff=0.000343252751
  #603 YZYIIIIYZZZZZY  angle=?  coeff=-0.0042768928
  #604 YZYIIIXZZZXIII  angle=?  coeff=5.04508993e-05
  #605 YZYIIIXZZZZZXI  angle=?  coeff=-0.000628612845
  #606 YZYIIIYZZZYIII  angle=?  coeff=0.000216508591
  #607 YZYIIIYZZZZZYI  angle=?  coeff=-0.00269767404
  #608 YZYIIXZZZZZXII  angle=?  coeff=-0.0042768928
  #609 YZYIIXZZZZZZZX  angle=?  coeff=-0.000343252751
  #610 YZYIIYZZZZZYII  angle=?  coeff=-0.0042768928
  #611 YZYIIYZZZZZZZY  angle=?  coeff=-0.000343252751
  #612 YZYIXZZZZZXIII  angle=?  coeff=-0.000628612845
  #613 YZYIXZZZZZZZXI  angle=?  coeff=-5.04508993e-05
  #614 YZYIYZZZZZYIII  angle=?  coeff=-0.00269767404
  #615 YZYIYZZZZZZZYI  angle=?  coeff=-0.000216508591
  #616 YZYXZZZZZXIIII  angle=?  coeff=-0.00615576124
  #617 YZYYZZZZZYIIII  angle=?  coeff=-0.00615576124
  #618 YZZIZZZZYIIIII  angle=?  coeff=0.000245452652
  #619 YZZXIIIXZZYIII  angle=?  coeff=-0.00012674416
  #620 YZZXIIIXZZZZYI  angle=?  coeff=0.00157921876
  #621 YZZXIIXZZZZYII  angle=?  coeff=0.000292801851
  #622 YZZXIIXZZZZZZY  angle=?  coeff=-0.00364827996
  #623 YZZXIXZZZZYIII  angle=?  coeff=0.00157921876
  #624 YZZXIXZZZZZZYI  angle=?  coeff=0.00012674416
  #625 YZZXXZZZZZZYII  angle=?  coeff=-0.00364827996
  #626 YZZXXZZZZZZZZY  angle=?  coeff=-0.000292801851
  #627 YZZYIIIYZZYIII  angle=?  coeff=-0.00012674416
  #628 YZZYIIIYZZZZYI  angle=?  coeff=0.00157921876
  #629 YZZYIIXZZZZXII  angle=?  coeff=-0.000292801851
  #630 YZZYIIXZZZZZZX  angle=?  coeff=0.00364827996
  #631 YZZYIYZZZZYIII  angle=?  coeff=0.00157921876
  #632 YZZYIYZZZZZZYI  angle=?  coeff=0.00012674416
  #633 YZZYXZZZZZZXII  angle=?  coeff=0.00364827996
  #634 YZZYXZZZZZZZZX  angle=?  coeff=0.000292801851
  #635 YZZZIZZZYIIIII  angle=?  coeff=-0.00322392377
  #636 YZZZYXZZZXIIII  angle=?  coeff=0.000146532242
  #637 YZZZYYZZZYIIII  angle=?  coeff=0.000146532242
  #638 YZZZZIZZYIIIII  angle=?  coeff=-0.00337045601
  #639 YZZZZZIZYIIIII  angle=?  coeff=-0.00322392377
  #640 YZZZZZYXZXIIII  angle=?  coeff=0.000146532242
  #641 YZZZZZYYZYIIII  angle=?  coeff=0.000146532242
  #642 YZZZZZZIYIIIII  angle=?  coeff=-0.00337045601
  #643 YZZZZZZZYIIIII  angle=?  coeff=0.0149936513
  #644 YZZZZZZZYIIIIZ  angle=?  coeff=-0.0004495256
  #645 YZZZZZZZYIIIZI  angle=?  coeff=-0.00174032788
  #646 YZZZZZZZYIIZII  angle=?  coeff=-0.0004495256
  #647 YZZZZZZZYIZIII  angle=?  coeff=-0.00174032788
  #648 YZZZZZZZYZIIII  angle=?  coeff=-0.000379916311
  #649 YZZZZZZZZXIIXY  angle=?  coeff=-0.00129080228
  #650 YZZZZZZZZXXYII  angle=?  coeff=-0.00129080228
  #651 YZZZZZZZZYIIXX  angle=?  coeff=0.00129080228
  #652 YZZZZZZZZYXXII  angle=?  coeff=0.00129080228
  #653 ZIIIIIIIIIIIII  angle=?  coeff=-0.259743727
  #654 ZIIIIIIIIIIIIZ  angle=?  coeff=0.0319185023
  #655 ZIIIIIIIIIIIZI  angle=?  coeff=0.0306216206
  #656 ZIIIIIIIIIIZII  angle=?  coeff=0.0319185023
  #657 ZIIIIIIIIIZIII  angle=?  coeff=0.0306216206
  #658 ZIIIIIIIIZIIII  angle=?  coeff=0.0351200302
  #659 ZIIIIIIIZIIIII  angle=?  coeff=0.0312399644
  #660 ZIIIIIIZIIIIII  angle=?  coeff=0.0405822993
  #661 ZIIIIIZIIIIIII  angle=?  coeff=0.0344433714
  #662 ZIIIIZIIIIIIII  angle=?  coeff=0.0405822993
  #663 ZIIIZIIIIIIIII  angle=?  coeff=0.0344433714
  #664 ZIIZIIIIIIIIII  angle=?  coeff=0.0359778446
  #665 ZIZIIIIIIIIIII  angle=?  coeff=0.0311424089
  #666 ZXZZZZZZZXIIII  angle=?  coeff=-0.00861955865
  #667 ZYZZZZZZZYIIII  angle=?  coeff=-0.00861955865
  #668 ZZIIIIIIIIIIII  angle=?  coeff=0.0586844977
Try: tableau optimize collapse && tableau optimize ncf

qsyn> tableau optimize collapse

qsyn> tableau copy 1

qsyn> tableau checkout 1

qsyn> convert tableau qcir -r naive

qsyn> qcir write /home/chenying/qsyn/out/ncf2q_10cases/Li2-JW14/Li2-JW14_before_2qncf_clifford_rz.qasm

qsyn> tableau checkout 0

qsyn> tableau optimize ncf --two-qubit --window 128
[warn]     NCF-2q: group size=6 idxs=[0, 6, 3, 19, 4, 7]
[warn]     NCF-2q: group size=6 idxs=[1, 8, 33, 44, 35, 51]
[warn]     NCF-2q: group size=7 idxs=[2, 36, 9, 45, 40, 47, 49]
[warn]     NCF-2q: group size=5 idxs=[5, 20, 12, 37, 13]
[warn]     NCF-2q: group size=5 idxs=[10, 22, 14, 21, 18]
[warn]     NCF-2q: group size=6 idxs=[11, 23, 34, 54, 41, 59]
[warn]     NCF-2q: group size=5 idxs=[15, 24, 17, 25, 26]
[warn]     NCF-2q: group size=6 idxs=[16, 39, 123, 152, 183, 190]
[warn]     NCF-2q: group size=4 idxs=[27, 48, 28, 52]
[warn]     NCF-2q: group size=5 idxs=[29, 50, 46, 55, 71]
[warn]     NCF-2q: group size=6 idxs=[30, 53, 38, 56, 43, 61]
[warn]     NCF-2q: group size=5 idxs=[31, 57, 42, 58, 63]
[warn]     NCF-2q: group size=5 idxs=[32, 195, 60, 73, 74]
[warn]     NCF-2q: group size=5 idxs=[62, 64, 66, 76, 80]
[warn]     NCF-2q: group size=7 idxs=[65, 67, 77, 93, 94, 114, 115]
[warn]     NCF-2q: group size=7 idxs=[68, 69, 79, 95, 96, 111, 113]
[warn]     NCF-2q: group size=7 idxs=[70, 72, 78, 85, 81, 82, 90]
[warn]     NCF-2q: group size=4 idxs=[75, 83, 84, 86]
[warn]     NCF-2q: group size=7 idxs=[87, 88, 97, 105, 98, 106, 121]
[warn]     NCF-2q: group size=7 idxs=[89, 91, 101, 124, 125, 144, 147]
[warn]     NCF-2q: group size=5 idxs=[92, 103, 107, 153, 154]
[warn]     NCF-2q: group size=6 idxs=[99, 100, 102, 126, 104, 151]
[warn]     NCF-2q: group size=7 idxs=[108, 109, 112, 128, 116, 141, 142]
[warn]     NCF-2q: group size=6 idxs=[110, 127, 155, 231, 238, 240]
[warn]     NCF-2q: group size=6 idxs=[117, 118, 122, 136, 140, 143]
[warn]     NCF-2q: group size=5 idxs=[119, 129, 130, 135, 138]
[warn]     NCF-2q: group size=5 idxs=[120, 131, 132, 137, 139]
[warn]     NCF-2q: group size=5 idxs=[133, 145, 134, 162, 191]
[warn]     NCF-2q: group size=5 idxs=[146, 148, 149, 158, 159]
[warn]     NCF-2q: group size=5 idxs=[150, 157, 171, 196, 217]
[warn]     NCF-2q: group size=7 idxs=[156, 160, 161, 197, 198, 203, 204]
[warn]     NCF-2q: group size=5 idxs=[163, 164, 170, 232, 249]
[warn]     NCF-2q: group size=6 idxs=[165, 167, 168, 173, 169, 174]
[warn]     NCF-2q: group size=5 idxs=[166, 175, 176, 205, 206]
[warn]     NCF-2q: group size=5 idxs=[172, 177, 178, 179, 180]
[warn]     NCF-2q: group size=5 idxs=[181, 199, 187, 189, 200]
[warn]     NCF-2q: group size=6 idxs=[182, 184, 185, 201, 186, 202]
[warn]     NCF-2q: group size=5 idxs=[188, 207, 208, 225, 226]
[warn]     NCF-2q: group size=5 idxs=[192, 221, 211, 212, 222]
[warn]     NCF-2q: group size=5 idxs=[193, 213, 209, 210, 214]
[warn]     NCF-2q: group size=5 idxs=[194, 233, 223, 224, 234]
[warn]     NCF-2q: group size=5 idxs=[215, 216, 218, 219, 220]
[warn]     NCF-2q: group size=5 idxs=[227, 228, 229, 247, 248]
[warn]     NCF-2q: group size=5 idxs=[230, 242, 243, 259, 270]
[warn]     NCF-2q: group size=6 idxs=[235, 236, 237, 253, 254, 255]
[warn]     NCF-2q: group size=6 idxs=[239, 244, 282, 324, 291, 349]
[warn]     NCF-2q: group size=5 idxs=[241, 251, 245, 325, 352]
[warn]     NCF-2q: group size=5 idxs=[246, 250, 256, 278, 315]
[warn]     NCF-2q: group size=6 idxs=[252, 257, 279, 326, 316, 364]
[warn]     NCF-2q: group size=6 idxs=[258, 261, 262, 280, 318, 319]
[warn]     NCF-2q: group size=5 idxs=[260, 267, 268, 281, 307]
[warn]     NCF-2q: group size=6 idxs=[263, 264, 269, 327, 358, 359]
[warn]     NCF-2q: group size=4 idxs=[265, 266, 271, 272]
[warn]     NCF-2q: group size=5 idxs=[273, 283, 276, 328, 333]
[warn]     NCF-2q: group size=4 idxs=[274, 284, 275, 306]
[warn]     NCF-2q: group size=5 idxs=[277, 285, 329, 382, 431]
[warn]     NCF-2q: group size=6 idxs=[286, 288, 330, 383, 394, 418]
[warn]     NCF-2q: group size=5 idxs=[287, 296, 292, 293, 297]
[warn]     NCF-2q: group size=5 idxs=[289, 300, 370, 440, 493]
[warn]     NCF-2q: group size=5 idxs=[290, 298, 294, 334, 376]
[warn]     NCF-2q: group size=5 idxs=[295, 299, 313, 335, 353]
[warn]     NCF-2q: group size=5 idxs=[301, 302, 304, 320, 322]
[warn]     NCF-2q: group size=5 idxs=[303, 310, 321, 348, 366]
[warn]     NCF-2q: group size=5 idxs=[305, 308, 309, 338, 339]
[warn]     NCF-2q: group size=4 idxs=[311, 314, 312, 317]
[warn]     NCF-2q: group size=5 idxs=[323, 337, 336, 354, 355]
[warn]     NCF-2q: group size=5 idxs=[331, 342, 360, 441, 486]
[warn]     NCF-2q: group size=5 idxs=[332, 340, 367, 384, 429]
[warn]     NCF-2q: group size=5 idxs=[341, 344, 343, 391, 415]
[warn]     NCF-2q: group size=6 idxs=[345, 350, 368, 442, 446, 483]
[warn]     NCF-2q: group size=7 idxs=[346, 347, 378, 443, 444, 452, 453]
[warn]     NCF-2q: group size=5 idxs=[351, 356, 357, 385, 438]
[warn]     NCF-2q: group size=4 idxs=[361, 362, 363, 365]
[warn]     NCF-2q: group size=5 idxs=[369, 372, 371, 388, 397]
[warn]     NCF-2q: group size=5 idxs=[373, 386, 374, 387, 396]
[warn]     NCF-2q: group size=5 idxs=[375, 389, 380, 392, 398]
[warn]     NCF-2q: group size=4 idxs=[377, 390, 379, 393]
[warn]     NCF-2q: group size=5 idxs=[381, 395, 408, 445, 473]
[warn]     NCF-2q: group size=6 idxs=[399, 401, 459, 511, 503, 577]
[warn]     NCF-2q: group size=5 idxs=[400, 419, 404, 412, 421]
[warn]     NCF-2q: group size=7 idxs=[402, 403, 410, 460, 411, 462, 501]
[warn]     NCF-2q: group size=5 idxs=[405, 413, 406, 461, 505]
[warn]     NCF-2q: group size=4 idxs=[407, 420, 409, 417]
[warn]     NCF-2q: group size=5 idxs=[414, 423, 416, 480, 497]
[warn]     NCF-2q: group size=4 idxs=[422, 427, 424, 426]
[warn]     NCF-2q: group size=4 idxs=[425, 428, 430, 449]
[warn]     NCF-2q: group size=4 idxs=[432, 433, 434, 435]
[warn]     NCF-2q: group size=6 idxs=[436, 448, 499, 582, 591, 644]
[warn]     NCF-2q: group size=6 idxs=[437, 451, 512, 583, 655, 666]
[warn]     NCF-2q: group size=5 idxs=[439, 450, 447, 513, 537]
[warn]     NCF-2q: group size=6 idxs=[454, 455, 468, 476, 469, 477]
[warn]     NCF-2q: group size=6 idxs=[456, 457, 466, 474, 467, 475]
[warn]     NCF-2q: group size=5 idxs=[458, 463, 484, 514, 568]
[warn]     NCF-2q: group size=6 idxs=[464, 465, 472, 515, 558, 559]
[warn]     NCF-2q: group size=6 idxs=[470, 471, 481, 517, 531, 532]
[warn]     NCF-2q: group size=5 idxs=[478, 479, 492, 584, 647]
[warn]     NCF-2q: group size=5 idxs=[482, 485, 488, 516, 564]
[warn]     NCF-2q: group size=5 idxs=[487, 489, 491, 585, 642]
[warn]     NCF-2q: group size=4 idxs=[490, 494, 495, 526]
[warn]     NCF-2q: group size=4 idxs=[496, 498, 500, 518]
[warn]     NCF-2q: group size=4 idxs=[502, 520, 504, 519]
[warn]     NCF-2q: group size=4 idxs=[506, 522, 507, 521]
[warn]     NCF-2q: group size=5 idxs=[508, 523, 510, 538, 546]
[warn]     NCF-2q: group size=4 idxs=[509, 541, 524, 548]
[warn]     NCF-2q: group size=5 idxs=[525, 533, 527, 549, 553]
[warn]     NCF-2q: group size=5 idxs=[528, 536, 530, 556, 560]
[warn]     NCF-2q: group size=5 idxs=[529, 544, 534, 596, 657]
[warn]     NCF-2q: group size=5 idxs=[535, 543, 545, 550, 554]
[warn]     NCF-2q: group size=4 idxs=[539, 540, 542, 557]
[warn]     NCF-2q: group size=4 idxs=[547, 565, 551, 555]
[warn]     NCF-2q: group size=4 idxs=[552, 561, 562, 563]
[warn]     NCF-2q: group size=4 idxs=[566, 569, 567, 570]
[warn]     NCF-2q: group size=4 idxs=[571, 578, 572, 586]
[warn]     NCF-2q: group size=4 idxs=[573, 579, 574, 597]
[warn]     NCF-2q: group size=4 idxs=[575, 580, 576, 598]
[warn]     NCF-2q: group size=5 idxs=[581, 590, 594, 617, 652]
[warn]     NCF-2q: group size=5 idxs=[587, 589, 593, 637, 651]
[warn]     NCF-2q: group size=4 idxs=[588, 592, 595, 599]
[warn]     NCF-2q: group size=6 idxs=[600, 601, 608, 619, 609, 623]
[warn]     NCF-2q: group size=6 idxs=[602, 603, 610, 621, 611, 622]
[warn]     NCF-2q: group size=6 idxs=[604, 605, 612, 629, 613, 633]
[warn]     NCF-2q: group size=6 idxs=[606, 607, 614, 627, 615, 628]
[warn]     NCF-2q: group size=4 idxs=[616, 620, 618, 636]
[warn]     NCF-2q: group size=4 idxs=[624, 630, 625, 626]
[warn]     NCF-2q: group size=4 idxs=[631, 632, 634, 638]
[warn]     NCF-2q: group size=4 idxs=[635, 640, 639, 649]
[warn]     NCF-2q: group size=5 idxs=[641, 643, 648, 653, 658]
[warn]     NCF-2q: group size=4 idxs=[645, 650, 646, 654]
[warn]     NCF-2q: group size=3 idxs=[667, 668, 656]
[warn]     NCF-2q partition: n_terms=669 anti_groups=129 singletons=7 Num_unitaries=136 window=128
[warn]       block 0: multi size=6 idxs=[0, 6, 3, 19, 4, 7] (singleton_count_in_block=0)
[warn]       block 1: multi size=6 idxs=[1, 8, 33, 44, 35, 51] (singleton_count_in_block=0)
[warn]       block 2: multi size=7 idxs=[2, 36, 9, 45, 40, 47, 49] (singleton_count_in_block=0)
[warn]       block 3: multi size=5 idxs=[5, 20, 12, 37, 13] (singleton_count_in_block=0)
[warn]       block 4: multi size=5 idxs=[10, 22, 14, 21, 18] (singleton_count_in_block=0)
[warn]       block 5: multi size=6 idxs=[11, 23, 34, 54, 41, 59] (singleton_count_in_block=0)
[warn]       block 6: multi size=5 idxs=[15, 24, 17, 25, 26] (singleton_count_in_block=0)
[warn]       block 7: multi size=6 idxs=[16, 39, 123, 152, 183, 190] (singleton_count_in_block=0)
[warn]       block 8: multi size=4 idxs=[27, 48, 28, 52] (singleton_count_in_block=0)
[warn]       block 9: multi size=5 idxs=[29, 50, 46, 55, 71] (singleton_count_in_block=0)
[warn]       block 10: multi size=6 idxs=[30, 53, 38, 56, 43, 61] (singleton_count_in_block=0)
[warn]       block 11: multi size=5 idxs=[31, 57, 42, 58, 63] (singleton_count_in_block=0)
[warn]       block 12: multi size=5 idxs=[32, 195, 60, 73, 74] (singleton_count_in_block=0)
[warn]       block 13: multi size=5 idxs=[62, 64, 66, 76, 80] (singleton_count_in_block=0)
[warn]       block 14: multi size=7 idxs=[65, 67, 77, 93, 94, 114, 115] (singleton_count_in_block=0)
[warn]       block 15: multi size=7 idxs=[68, 69, 79, 95, 96, 111, 113] (singleton_count_in_block=0)
[warn]       block 16: multi size=7 idxs=[70, 72, 78, 85, 81, 82, 90] (singleton_count_in_block=0)
[warn]       block 17: multi size=4 idxs=[75, 83, 84, 86] (singleton_count_in_block=0)
[warn]       block 18: multi size=7 idxs=[87, 88, 97, 105, 98, 106, 121] (singleton_count_in_block=0)
[warn]       block 19: multi size=7 idxs=[89, 91, 101, 124, 125, 144, 147] (singleton_count_in_block=0)
[warn]       block 20: multi size=5 idxs=[92, 103, 107, 153, 154] (singleton_count_in_block=0)
[warn]       block 21: multi size=6 idxs=[99, 100, 102, 126, 104, 151] (singleton_count_in_block=0)
[warn]       block 22: multi size=7 idxs=[108, 109, 112, 128, 116, 141, 142] (singleton_count_in_block=0)
[warn]       block 23: multi size=6 idxs=[110, 127, 155, 231, 238, 240] (singleton_count_in_block=0)
[warn]       block 24: multi size=6 idxs=[117, 118, 122, 136, 140, 143] (singleton_count_in_block=0)
[warn]       block 25: multi size=5 idxs=[119, 129, 130, 135, 138] (singleton_count_in_block=0)
[warn]       block 26: multi size=5 idxs=[120, 131, 132, 137, 139] (singleton_count_in_block=0)
[warn]       block 27: multi size=5 idxs=[133, 145, 134, 162, 191] (singleton_count_in_block=0)
[warn]       block 28: multi size=5 idxs=[146, 148, 149, 158, 159] (singleton_count_in_block=0)
[warn]       block 29: multi size=5 idxs=[150, 157, 171, 196, 217] (singleton_count_in_block=0)
[warn]       block 30: multi size=7 idxs=[156, 160, 161, 197, 198, 203, 204] (singleton_count_in_block=0)
[warn]       block 31: multi size=5 idxs=[163, 164, 170, 232, 249] (singleton_count_in_block=0)
[warn]       block 32: multi size=6 idxs=[165, 167, 168, 173, 169, 174] (singleton_count_in_block=0)
[warn]       block 33: multi size=5 idxs=[166, 175, 176, 205, 206] (singleton_count_in_block=0)
[warn]       block 34: multi size=5 idxs=[172, 177, 178, 179, 180] (singleton_count_in_block=0)
[warn]       block 35: multi size=5 idxs=[181, 199, 187, 189, 200] (singleton_count_in_block=0)
[warn]       block 36: multi size=6 idxs=[182, 184, 185, 201, 186, 202] (singleton_count_in_block=0)
[warn]       block 37: multi size=5 idxs=[188, 207, 208, 225, 226] (singleton_count_in_block=0)
[warn]       block 38: multi size=5 idxs=[192, 221, 211, 212, 222] (singleton_count_in_block=0)
[warn]       block 39: multi size=5 idxs=[193, 213, 209, 210, 214] (singleton_count_in_block=0)
[warn]       block 40: multi size=5 idxs=[194, 233, 223, 224, 234] (singleton_count_in_block=0)
[warn]       block 41: multi size=5 idxs=[215, 216, 218, 219, 220] (singleton_count_in_block=0)
[warn]       block 42: multi size=5 idxs=[227, 228, 229, 247, 248] (singleton_count_in_block=0)
[warn]       block 43: multi size=5 idxs=[230, 242, 243, 259, 270] (singleton_count_in_block=0)
[warn]       block 44: multi size=6 idxs=[235, 236, 237, 253, 254, 255] (singleton_count_in_block=0)
[warn]       block 45: multi size=6 idxs=[239, 244, 282, 324, 291, 349] (singleton_count_in_block=0)
[warn]       block 46: multi size=5 idxs=[241, 251, 245, 325, 352] (singleton_count_in_block=0)
[warn]       block 47: multi size=5 idxs=[246, 250, 256, 278, 315] (singleton_count_in_block=0)
[warn]       block 48: multi size=6 idxs=[252, 257, 279, 326, 316, 364] (singleton_count_in_block=0)
[warn]       block 49: multi size=6 idxs=[258, 261, 262, 280, 318, 319] (singleton_count_in_block=0)
[warn]       block 50: multi size=5 idxs=[260, 267, 268, 281, 307] (singleton_count_in_block=0)
[warn]       block 51: multi size=6 idxs=[263, 264, 269, 327, 358, 359] (singleton_count_in_block=0)
[warn]       block 52: multi size=4 idxs=[265, 266, 271, 272] (singleton_count_in_block=0)
[warn]       block 53: multi size=5 idxs=[273, 283, 276, 328, 333] (singleton_count_in_block=0)
[warn]       block 54: multi size=4 idxs=[274, 284, 275, 306] (singleton_count_in_block=0)
[warn]       block 55: multi size=5 idxs=[277, 285, 329, 382, 431] (singleton_count_in_block=0)
[warn]       block 56: multi size=6 idxs=[286, 288, 330, 383, 394, 418] (singleton_count_in_block=0)
[warn]       block 57: multi size=5 idxs=[287, 296, 292, 293, 297] (singleton_count_in_block=0)
[warn]       block 58: multi size=5 idxs=[289, 300, 370, 440, 493] (singleton_count_in_block=0)
[warn]       block 59: multi size=5 idxs=[290, 298, 294, 334, 376] (singleton_count_in_block=0)
[warn]       block 60: multi size=5 idxs=[295, 299, 313, 335, 353] (singleton_count_in_block=0)
[warn]       block 61: multi size=5 idxs=[301, 302, 304, 320, 322] (singleton_count_in_block=0)
[warn]       block 62: multi size=5 idxs=[303, 310, 321, 348, 366] (singleton_count_in_block=0)
[warn]       block 63: multi size=5 idxs=[305, 308, 309, 338, 339] (singleton_count_in_block=0)
[warn]       block 64: multi size=4 idxs=[311, 314, 312, 317] (singleton_count_in_block=0)
[warn]       block 65: multi size=5 idxs=[323, 337, 336, 354, 355] (singleton_count_in_block=0)
[warn]       block 66: multi size=5 idxs=[331, 342, 360, 441, 486] (singleton_count_in_block=0)
[warn]       block 67: multi size=5 idxs=[332, 340, 367, 384, 429] (singleton_count_in_block=0)
[warn]       block 68: multi size=5 idxs=[341, 344, 343, 391, 415] (singleton_count_in_block=0)
[warn]       block 69: multi size=6 idxs=[345, 350, 368, 442, 446, 483] (singleton_count_in_block=0)
[warn]       block 70: multi size=7 idxs=[346, 347, 378, 443, 444, 452, 453] (singleton_count_in_block=0)
[warn]       block 71: multi size=5 idxs=[351, 356, 357, 385, 438] (singleton_count_in_block=0)
[warn]       block 72: multi size=4 idxs=[361, 362, 363, 365] (singleton_count_in_block=0)
[warn]       block 73: multi size=5 idxs=[369, 372, 371, 388, 397] (singleton_count_in_block=0)
[warn]       block 74: multi size=5 idxs=[373, 386, 374, 387, 396] (singleton_count_in_block=0)
[warn]       block 75: multi size=5 idxs=[375, 389, 380, 392, 398] (singleton_count_in_block=0)
[warn]       block 76: multi size=4 idxs=[377, 390, 379, 393] (singleton_count_in_block=0)
[warn]       block 77: multi size=5 idxs=[381, 395, 408, 445, 473] (singleton_count_in_block=0)
[warn]       block 78: multi size=6 idxs=[399, 401, 459, 511, 503, 577] (singleton_count_in_block=0)
[warn]       block 79: multi size=5 idxs=[400, 419, 404, 412, 421] (singleton_count_in_block=0)
[warn]       block 80: multi size=7 idxs=[402, 403, 410, 460, 411, 462, 501] (singleton_count_in_block=0)
[warn]       block 81: multi size=5 idxs=[405, 413, 406, 461, 505] (singleton_count_in_block=0)
[warn]       block 82: multi size=4 idxs=[407, 420, 409, 417] (singleton_count_in_block=0)
[warn]       block 83: multi size=5 idxs=[414, 423, 416, 480, 497] (singleton_count_in_block=0)
[warn]       block 84: multi size=4 idxs=[422, 427, 424, 426] (singleton_count_in_block=0)
[warn]       block 85: multi size=4 idxs=[425, 428, 430, 449] (singleton_count_in_block=0)
[warn]       block 86: multi size=4 idxs=[432, 433, 434, 435] (singleton_count_in_block=0)
[warn]       block 87: multi size=6 idxs=[436, 448, 499, 582, 591, 644] (singleton_count_in_block=0)
[warn]       block 88: multi size=6 idxs=[437, 451, 512, 583, 655, 666] (singleton_count_in_block=0)
[warn]       block 89: multi size=5 idxs=[439, 450, 447, 513, 537] (singleton_count_in_block=0)
[warn]       block 90: multi size=6 idxs=[454, 455, 468, 476, 469, 477] (singleton_count_in_block=0)
[warn]       block 91: multi size=6 idxs=[456, 457, 466, 474, 467, 475] (singleton_count_in_block=0)
[warn]       block 92: multi size=5 idxs=[458, 463, 484, 514, 568] (singleton_count_in_block=0)
[warn]       block 93: multi size=6 idxs=[464, 465, 472, 515, 558, 559] (singleton_count_in_block=0)
[warn]       block 94: multi size=6 idxs=[470, 471, 481, 517, 531, 532] (singleton_count_in_block=0)
[warn]       block 95: multi size=5 idxs=[478, 479, 492, 584, 647] (singleton_count_in_block=0)
[warn]       block 96: multi size=5 idxs=[482, 485, 488, 516, 564] (singleton_count_in_block=0)
[warn]       block 97: multi size=5 idxs=[487, 489, 491, 585, 642] (singleton_count_in_block=0)
[warn]       block 98: multi size=4 idxs=[490, 494, 495, 526] (singleton_count_in_block=0)
[warn]       block 99: multi size=4 idxs=[496, 498, 500, 518] (singleton_count_in_block=0)
[warn]       block 100: multi size=4 idxs=[502, 520, 504, 519] (singleton_count_in_block=0)
[warn]       block 101: multi size=4 idxs=[506, 522, 507, 521] (singleton_count_in_block=0)
[warn]       block 102: multi size=5 idxs=[508, 523, 510, 538, 546] (singleton_count_in_block=0)
[warn]       block 103: multi size=4 idxs=[509, 541, 524, 548] (singleton_count_in_block=0)
[warn]       block 104: multi size=5 idxs=[525, 533, 527, 549, 553] (singleton_count_in_block=0)
[warn]       block 105: multi size=5 idxs=[528, 536, 530, 556, 560] (singleton_count_in_block=0)
[warn]       block 106: multi size=5 idxs=[529, 544, 534, 596, 657] (singleton_count_in_block=0)
[warn]       block 107: multi size=5 idxs=[535, 543, 545, 550, 554] (singleton_count_in_block=0)
[warn]       block 108: multi size=4 idxs=[539, 540, 542, 557] (singleton_count_in_block=0)
[warn]       block 109: multi size=4 idxs=[547, 565, 551, 555] (singleton_count_in_block=0)
[warn]       block 110: multi size=4 idxs=[552, 561, 562, 563] (singleton_count_in_block=0)
[warn]       block 111: multi size=4 idxs=[566, 569, 567, 570] (singleton_count_in_block=0)
[warn]       block 112: multi size=4 idxs=[571, 578, 572, 586] (singleton_count_in_block=0)
[warn]       block 113: multi size=4 idxs=[573, 579, 574, 597] (singleton_count_in_block=0)
[warn]       block 114: multi size=4 idxs=[575, 580, 576, 598] (singleton_count_in_block=0)
[warn]       block 115: multi size=5 idxs=[581, 590, 594, 617, 652] (singleton_count_in_block=0)
[warn]       block 116: multi size=5 idxs=[587, 589, 593, 637, 651] (singleton_count_in_block=0)
[warn]       block 117: multi size=4 idxs=[588, 592, 595, 599] (singleton_count_in_block=0)
[warn]       block 118: multi size=6 idxs=[600, 601, 608, 619, 609, 623] (singleton_count_in_block=0)
[warn]       block 119: multi size=6 idxs=[602, 603, 610, 621, 611, 622] (singleton_count_in_block=0)
[warn]       block 120: multi size=6 idxs=[604, 605, 612, 629, 613, 633] (singleton_count_in_block=0)
[warn]       block 121: multi size=6 idxs=[606, 607, 614, 627, 615, 628] (singleton_count_in_block=0)
[warn]       block 122: multi size=4 idxs=[616, 620, 618, 636] (singleton_count_in_block=0)
[warn]       block 123: multi size=4 idxs=[624, 630, 625, 626] (singleton_count_in_block=0)
[warn]       block 124: multi size=4 idxs=[631, 632, 634, 638] (singleton_count_in_block=0)
[warn]       block 125: multi size=4 idxs=[635, 640, 639, 649] (singleton_count_in_block=0)
[warn]       block 126: multi size=5 idxs=[641, 643, 648, 653, 658] (singleton_count_in_block=0)
[warn]       block 127: multi size=4 idxs=[645, 650, 646, 654] (singleton_count_in_block=0)
[warn]       block 128: multi size=3 idxs=[667, 668, 656] (singleton_count_in_block=0)
[warn]       block 129: SINGLETON size=1 idx=659 (singleton_count_in_block=1)
[warn]       block 130: SINGLETON size=1 idx=660 (singleton_count_in_block=1)
[warn]       block 131: SINGLETON size=1 idx=661 (singleton_count_in_block=1)
[warn]       block 132: SINGLETON size=1 idx=662 (singleton_count_in_block=1)
[warn]       block 133: SINGLETON size=1 idx=663 (singleton_count_in_block=1)
[warn]       block 134: SINGLETON size=1 idx=664 (singleton_count_in_block=1)
[warn]       block 135: SINGLETON size=1 idx=665 (singleton_count_in_block=1)
[warn]     NCF: total singletons = 7
[warn]     NCF: block 0 size=6 singleton_count_in_block=0
[warn]     NCF: block 1 size=6 singleton_count_in_block=0
[warn]     NCF: block 2 size=7 singleton_count_in_block=0
[warn]     NCF: block 3 size=5 singleton_count_in_block=0
[warn]     NCF: block 4 size=5 singleton_count_in_block=0
[warn]     NCF: block 5 size=6 singleton_count_in_block=0
[warn]     NCF: block 6 size=5 singleton_count_in_block=0
[warn]     NCF: block 7 size=6 singleton_count_in_block=0
[warn]     NCF: block 8 size=4 singleton_count_in_block=0
[warn]     NCF: block 9 size=5 singleton_count_in_block=0
[warn]     NCF: block 10 size=6 singleton_count_in_block=0
[warn]     NCF: block 11 size=5 singleton_count_in_block=0
[warn]     NCF: block 12 size=5 singleton_count_in_block=0
[warn]     NCF: block 13 size=5 singleton_count_in_block=0
[warn]     NCF: block 14 size=7 singleton_count_in_block=0
[warn]     NCF: block 15 size=7 singleton_count_in_block=0
[warn]     NCF: block 16 size=7 singleton_count_in_block=0
[warn]     NCF: block 17 size=4 singleton_count_in_block=0
[warn]     NCF: block 18 size=7 singleton_count_in_block=0
[warn]     NCF: block 19 size=7 singleton_count_in_block=0
[warn]     NCF: block 20 size=5 singleton_count_in_block=0
[warn]     NCF: block 21 size=6 singleton_count_in_block=0
[warn]     NCF: block 22 size=7 singleton_count_in_block=0
[warn]     NCF: block 23 size=6 singleton_count_in_block=0
[warn]     NCF: block 24 size=6 singleton_count_in_block=0
[warn]     NCF: block 25 size=5 singleton_count_in_block=0
[warn]     NCF: block 26 size=5 singleton_count_in_block=0
[warn]     NCF: block 27 size=5 singleton_count_in_block=0
[warn]     NCF: block 28 size=5 singleton_count_in_block=0
[warn]     NCF: block 29 size=5 singleton_count_in_block=0
[warn]     NCF: block 30 size=7 singleton_count_in_block=0
[warn]     NCF: block 31 size=5 singleton_count_in_block=0
[warn]     NCF: block 32 size=6 singleton_count_in_block=0
[warn]     NCF: block 33 size=5 singleton_count_in_block=0
[warn]     NCF: block 34 size=5 singleton_count_in_block=0
[warn]     NCF: block 35 size=5 singleton_count_in_block=0
[warn]     NCF: block 36 size=6 singleton_count_in_block=0
[warn]     NCF: block 37 size=5 singleton_count_in_block=0
[warn]     NCF: block 38 size=5 singleton_count_in_block=0
[warn]     NCF: block 39 size=5 singleton_count_in_block=0
[warn]     NCF: block 40 size=5 singleton_count_in_block=0
[warn]     NCF: block 41 size=5 singleton_count_in_block=0
[warn]     NCF: block 42 size=5 singleton_count_in_block=0
[warn]     NCF: block 43 size=5 singleton_count_in_block=0
[warn]     NCF: block 44 size=6 singleton_count_in_block=0
[warn]     NCF: block 45 size=6 singleton_count_in_block=0
[warn]     NCF: block 46 size=5 singleton_count_in_block=0
[warn]     NCF: block 47 size=5 singleton_count_in_block=0
[warn]     NCF: block 48 size=6 singleton_count_in_block=0
[warn]     NCF: block 49 size=6 singleton_count_in_block=0
[warn]     NCF: block 50 size=5 singleton_count_in_block=0
[warn]     NCF: block 51 size=6 singleton_count_in_block=0
[warn]     NCF: block 52 size=4 singleton_count_in_block=0
[warn]     NCF: block 53 size=5 singleton_count_in_block=0
[warn]     NCF: block 54 size=4 singleton_count_in_block=0
[warn]     NCF: block 55 size=5 singleton_count_in_block=0
[warn]     NCF: block 56 size=6 singleton_count_in_block=0
[warn]     NCF: block 57 size=5 singleton_count_in_block=0
[warn]     NCF: block 58 size=5 singleton_count_in_block=0
[warn]     NCF: block 59 size=5 singleton_count_in_block=0
[warn]     NCF: block 60 size=5 singleton_count_in_block=0
[warn]     NCF: block 61 size=5 singleton_count_in_block=0
[warn]     NCF: block 62 size=5 singleton_count_in_block=0
[warn]     NCF: block 63 size=5 singleton_count_in_block=0
[warn]     NCF: block 64 size=4 singleton_count_in_block=0
[warn]     NCF: block 65 size=5 singleton_count_in_block=0
[warn]     NCF: block 66 size=5 singleton_count_in_block=0
[warn]     NCF: block 67 size=5 singleton_count_in_block=0
[warn]     NCF: block 68 size=5 singleton_count_in_block=0
[warn]     NCF: block 69 size=6 singleton_count_in_block=0
[warn]     NCF: block 70 size=7 singleton_count_in_block=0
[warn]     NCF: block 71 size=5 singleton_count_in_block=0
[warn]     NCF: block 72 size=4 singleton_count_in_block=0
[warn]     NCF: block 73 size=5 singleton_count_in_block=0
[warn]     NCF: block 74 size=5 singleton_count_in_block=0
[warn]     NCF: block 75 size=5 singleton_count_in_block=0
[warn]     NCF: block 76 size=4 singleton_count_in_block=0
[warn]     NCF: block 77 size=5 singleton_count_in_block=0
[warn]     NCF: block 78 size=6 singleton_count_in_block=0
[warn]     NCF: block 79 size=5 singleton_count_in_block=0
[warn]     NCF: block 80 size=7 singleton_count_in_block=0
[warn]     NCF: block 81 size=5 singleton_count_in_block=0
[warn]     NCF: block 82 size=4 singleton_count_in_block=0
[warn]     NCF: block 83 size=5 singleton_count_in_block=0
[warn]     NCF: block 84 size=4 singleton_count_in_block=0
[warn]     NCF: block 85 size=4 singleton_count_in_block=0
[warn]     NCF: block 86 size=4 singleton_count_in_block=0
[warn]     NCF: block 87 size=6 singleton_count_in_block=0
[warn]     NCF: block 88 size=6 singleton_count_in_block=0
[warn]     NCF: block 89 size=5 singleton_count_in_block=0
[warn]     NCF: block 90 size=6 singleton_count_in_block=0
[warn]     NCF: block 91 size=6 singleton_count_in_block=0
[warn]     NCF: block 92 size=5 singleton_count_in_block=0
[warn]     NCF: block 93 size=6 singleton_count_in_block=0
[warn]     NCF: block 94 size=6 singleton_count_in_block=0
[warn]     NCF: block 95 size=5 singleton_count_in_block=0
[warn]     NCF: block 96 size=5 singleton_count_in_block=0
[warn]     NCF: block 97 size=5 singleton_count_in_block=0
[warn]     NCF: block 98 size=4 singleton_count_in_block=0
[warn]     NCF: block 99 size=4 singleton_count_in_block=0
[warn]     NCF: block 100 size=4 singleton_count_in_block=0
[warn]     NCF: block 101 size=4 singleton_count_in_block=0
[warn]     NCF: block 102 size=5 singleton_count_in_block=0
[warn]     NCF: block 103 size=4 singleton_count_in_block=0
[warn]     NCF: block 104 size=5 singleton_count_in_block=0
[warn]     NCF: block 105 size=5 singleton_count_in_block=0
[warn]     NCF: block 106 size=5 singleton_count_in_block=0
[warn]     NCF: block 107 size=5 singleton_count_in_block=0
[warn]     NCF: block 108 size=4 singleton_count_in_block=0
[warn]     NCF: block 109 size=4 singleton_count_in_block=0
[warn]     NCF: block 110 size=4 singleton_count_in_block=0
[warn]     NCF: block 111 size=4 singleton_count_in_block=0
[warn]     NCF: block 112 size=4 singleton_count_in_block=0
[warn]     NCF: block 113 size=4 singleton_count_in_block=0
[warn]     NCF: block 114 size=4 singleton_count_in_block=0
[warn]     NCF: block 115 size=5 singleton_count_in_block=0
[warn]     NCF: block 116 size=5 singleton_count_in_block=0
[warn]     NCF: block 117 size=4 singleton_count_in_block=0
[warn]     NCF: block 118 size=6 singleton_count_in_block=0
[warn]     NCF: block 119 size=6 singleton_count_in_block=0
[warn]     NCF: block 120 size=6 singleton_count_in_block=0
[warn]     NCF: block 121 size=6 singleton_count_in_block=0
[warn]     NCF: block 122 size=4 singleton_count_in_block=0
[warn]     NCF: block 123 size=4 singleton_count_in_block=0
[warn]     NCF: block 124 size=4 singleton_count_in_block=0
[warn]     NCF: block 125 size=4 singleton_count_in_block=0
[warn]     NCF: block 126 size=5 singleton_count_in_block=0
[warn]     NCF: block 127 size=4 singleton_count_in_block=0
[warn]     NCF: block 128 size=3 singleton_count_in_block=0
[warn]     NCF: block 129 size=1 singleton_count_in_block=1
[warn]     NCF: block 130 size=1 singleton_count_in_block=1
[warn]     NCF: block 131 size=1 singleton_count_in_block=1
[warn]     NCF: block 132 size=1 singleton_count_in_block=1
[warn]     NCF: block 133 size=1 singleton_count_in_block=1
[warn]     NCF: block 134 size=1 singleton_count_in_block=1
[warn]     NCF: block 135 size=1 singleton_count_in_block=1
[warn]     NCF fusion (2q): partitioned into 136 groups (669 total Pauli rotations).
[NCF fusion report]
  Pauli terms (before):     669   (indices #0–#668)
  NCF blocks (after):       136
  Synthesis: before=naive  after=ncf
  Cost BEFORE NCF:
    CX: 7622  RZ: 0  H: 2088  S: 0  Sdg: 0  clifford: 11814  total: 12467  depth: 9387
  Cost AFTER NCF:
    CX: 132392  RZ: 669  H: 3882  S: 3373  Sdg: 3373  clifford: 143434  total: 144087  depth: 53771
  Delta (after − before):
    CX: 124770  RZ: 669  clifford: 131620  total: 131620
NcfProgram 0 ready — try: ncf print --summary

qsyn> ncf print --blocks
[NCF fusion report]
  Pauli terms (before):     669   (indices #0–#668)
  NCF blocks (after):       136
  Synthesis: before=naive  after=ncf
  Cost BEFORE NCF:
    CX: 7622  RZ: 0  H: 2088  S: 0  Sdg: 0  clifford: 11814  total: 12467  depth: 9387
  Cost AFTER NCF:
    CX: 132392  RZ: 669  H: 3882  S: 3373  Sdg: 3373  clifford: 143434  total: 144087  depth: 53771
  Delta (after − before):
    CX: 124770  RZ: 669  clifford: 131620  total: 131620
Block 0: cx_prefix=6 cx_suffix=6 cx_total=12 inner_rz=6 hs=8
Block 1: cx_prefix=6 cx_suffix=6 cx_total=12 inner_rz=6 hs=8
Block 2: cx_prefix=15 cx_suffix=15 cx_total=30 inner_rz=7 hs=4
Block 3: cx_prefix=55 cx_suffix=55 cx_total=110 inner_rz=5 hs=20
Block 4: cx_prefix=23 cx_suffix=23 cx_total=46 inner_rz=5 hs=8
Block 5: cx_prefix=104 cx_suffix=104 cx_total=208 inner_rz=6 hs=54
Block 6: cx_prefix=57 cx_suffix=57 cx_total=114 inner_rz=5 hs=22
Block 7: cx_prefix=60 cx_suffix=60 cx_total=120 inner_rz=6 hs=18
Block 8: cx_prefix=122 cx_suffix=122 cx_total=244 inner_rz=4 hs=36
Block 9: cx_prefix=124 cx_suffix=124 cx_total=248 inner_rz=5 hs=36
Block 10: cx_prefix=69 cx_suffix=69 cx_total=138 inner_rz=6 hs=18
Block 11: cx_prefix=68 cx_suffix=68 cx_total=136 inner_rz=5 hs=42
Block 12: cx_prefix=106 cx_suffix=106 cx_total=212 inner_rz=5 hs=46
Block 13: cx_prefix=6 cx_suffix=6 cx_total=12 inner_rz=5 hs=2
Block 14: cx_prefix=140 cx_suffix=140 cx_total=280 inner_rz=7 hs=34
Block 15: cx_prefix=117 cx_suffix=117 cx_total=234 inner_rz=7 hs=28
Block 16: cx_prefix=149 cx_suffix=149 cx_total=298 inner_rz=7 hs=66
Block 17: cx_prefix=258 cx_suffix=258 cx_total=516 inner_rz=4 hs=86
Block 18: cx_prefix=261 cx_suffix=261 cx_total=522 inner_rz=7 hs=82
Block 19: cx_prefix=235 cx_suffix=235 cx_total=470 inner_rz=7 hs=60
Block 20: cx_prefix=338 cx_suffix=338 cx_total=676 inner_rz=5 hs=80
Block 21: cx_prefix=439 cx_suffix=439 cx_total=878 inner_rz=6 hs=146
Block 22: cx_prefix=211 cx_suffix=211 cx_total=422 inner_rz=7 hs=84
Block 23: cx_prefix=54 cx_suffix=54 cx_total=108 inner_rz=6 hs=26
Block 24: cx_prefix=50 cx_suffix=50 cx_total=100 inner_rz=6 hs=12
Block 25: cx_prefix=119 cx_suffix=119 cx_total=238 inner_rz=5 hs=62
Block 26: cx_prefix=1299 cx_suffix=1299 cx_total=2598 inner_rz=5 hs=454
Block 27: cx_prefix=86 cx_suffix=86 cx_total=172 inner_rz=5 hs=30
Block 28: cx_prefix=410 cx_suffix=410 cx_total=820 inner_rz=5 hs=140
Block 29: cx_prefix=341 cx_suffix=341 cx_total=682 inner_rz=5 hs=84
Block 30: cx_prefix=136 cx_suffix=136 cx_total=272 inner_rz=7 hs=50
Block 31: cx_prefix=189 cx_suffix=189 cx_total=378 inner_rz=5 hs=84
Block 32: cx_prefix=205 cx_suffix=205 cx_total=410 inner_rz=6 hs=82
Block 33: cx_prefix=626 cx_suffix=626 cx_total=1252 inner_rz=5 hs=172
Block 34: cx_prefix=199 cx_suffix=199 cx_total=398 inner_rz=5 hs=78
Block 35: cx_prefix=105 cx_suffix=105 cx_total=210 inner_rz=5 hs=36
Block 36: cx_prefix=537 cx_suffix=537 cx_total=1074 inner_rz=6 hs=194
Block 37: cx_prefix=345 cx_suffix=345 cx_total=690 inner_rz=5 hs=94
Block 38: cx_prefix=258 cx_suffix=258 cx_total=516 inner_rz=5 hs=64
Block 39: cx_prefix=250 cx_suffix=250 cx_total=500 inner_rz=5 hs=82
Block 40: cx_prefix=825 cx_suffix=825 cx_total=1650 inner_rz=5 hs=262
Block 41: cx_prefix=445 cx_suffix=445 cx_total=890 inner_rz=5 hs=136
Block 42: cx_prefix=482 cx_suffix=482 cx_total=964 inner_rz=5 hs=142
Block 43: cx_prefix=233 cx_suffix=233 cx_total=466 inner_rz=5 hs=76
Block 44: cx_prefix=408 cx_suffix=408 cx_total=816 inner_rz=6 hs=146
Block 45: cx_prefix=541 cx_suffix=541 cx_total=1082 inner_rz=6 hs=154
Block 46: cx_prefix=81 cx_suffix=81 cx_total=162 inner_rz=5 hs=40
Block 47: cx_prefix=284 cx_suffix=284 cx_total=568 inner_rz=5 hs=76
Block 48: cx_prefix=142 cx_suffix=142 cx_total=284 inner_rz=6 hs=46
Block 49: cx_prefix=127 cx_suffix=127 cx_total=254 inner_rz=6 hs=58
Block 50: cx_prefix=54 cx_suffix=54 cx_total=108 inner_rz=5 hs=16
Block 51: cx_prefix=286 cx_suffix=286 cx_total=572 inner_rz=6 hs=118
Block 52: cx_prefix=13 cx_suffix=13 cx_total=26 inner_rz=4 hs=26
Block 53: cx_prefix=99 cx_suffix=99 cx_total=198 inner_rz=5 hs=18
Block 54: cx_prefix=89 cx_suffix=89 cx_total=178 inner_rz=4 hs=28
Block 55: cx_prefix=588 cx_suffix=588 cx_total=1176 inner_rz=5 hs=168
Block 56: cx_prefix=202 cx_suffix=202 cx_total=404 inner_rz=6 hs=76
Block 57: cx_prefix=339 cx_suffix=339 cx_total=678 inner_rz=5 hs=114
Block 58: cx_prefix=119 cx_suffix=119 cx_total=238 inner_rz=5 hs=40
Block 59: cx_prefix=328 cx_suffix=328 cx_total=656 inner_rz=5 hs=78
Block 60: cx_prefix=682 cx_suffix=682 cx_total=1364 inner_rz=5 hs=214
Block 61: cx_prefix=177 cx_suffix=177 cx_total=354 inner_rz=5 hs=66
Block 62: cx_prefix=334 cx_suffix=334 cx_total=668 inner_rz=5 hs=94
Block 63: cx_prefix=380 cx_suffix=380 cx_total=760 inner_rz=5 hs=108
Block 64: cx_prefix=127 cx_suffix=127 cx_total=254 inner_rz=4 hs=28
Block 65: cx_prefix=239 cx_suffix=239 cx_total=478 inner_rz=5 hs=80
Block 66: cx_prefix=578 cx_suffix=578 cx_total=1156 inner_rz=5 hs=198
Block 67: cx_prefix=336 cx_suffix=336 cx_total=672 inner_rz=5 hs=106
Block 68: cx_prefix=30 cx_suffix=30 cx_total=60 inner_rz=5 hs=24
Block 69: cx_prefix=395 cx_suffix=395 cx_total=790 inner_rz=6 hs=142
Block 70: cx_prefix=281 cx_suffix=281 cx_total=562 inner_rz=7 hs=82
Block 71: cx_prefix=66 cx_suffix=66 cx_total=132 inner_rz=5 hs=44
Block 72: cx_prefix=1175 cx_suffix=1175 cx_total=2350 inner_rz=4 hs=410
Block 73: cx_prefix=64 cx_suffix=64 cx_total=128 inner_rz=5 hs=38
Block 74: cx_prefix=79 cx_suffix=79 cx_total=158 inner_rz=5 hs=42
Block 75: cx_prefix=53 cx_suffix=53 cx_total=106 inner_rz=5 hs=8
Block 76: cx_prefix=294 cx_suffix=294 cx_total=588 inner_rz=4 hs=74
Block 77: cx_prefix=624 cx_suffix=624 cx_total=1248 inner_rz=5 hs=188
Block 78: cx_prefix=133 cx_suffix=133 cx_total=266 inner_rz=6 hs=62
Block 79: cx_prefix=454 cx_suffix=454 cx_total=908 inner_rz=5 hs=142
Block 80: cx_prefix=141 cx_suffix=141 cx_total=282 inner_rz=7 hs=42
Block 81: cx_prefix=146 cx_suffix=146 cx_total=292 inner_rz=5 hs=36
Block 82: cx_prefix=898 cx_suffix=898 cx_total=1796 inner_rz=4 hs=282
Block 83: cx_prefix=23 cx_suffix=23 cx_total=46 inner_rz=5 hs=24
Block 84: cx_prefix=404 cx_suffix=404 cx_total=808 inner_rz=4 hs=118
Block 85: cx_prefix=114 cx_suffix=114 cx_total=228 inner_rz=4 hs=48
Block 86: cx_prefix=97 cx_suffix=97 cx_total=194 inner_rz=4 hs=40
Block 87: cx_prefix=170 cx_suffix=170 cx_total=340 inner_rz=6 hs=46
Block 88: cx_prefix=82 cx_suffix=82 cx_total=164 inner_rz=6 hs=22
Block 89: cx_prefix=183 cx_suffix=183 cx_total=366 inner_rz=5 hs=48
Block 90: cx_prefix=532 cx_suffix=532 cx_total=1064 inner_rz=6 hs=158
Block 91: cx_prefix=366 cx_suffix=366 cx_total=732 inner_rz=6 hs=94
Block 92: cx_prefix=251 cx_suffix=251 cx_total=502 inner_rz=5 hs=90
Block 93: cx_prefix=152 cx_suffix=152 cx_total=304 inner_rz=6 hs=68
Block 94: cx_prefix=118 cx_suffix=118 cx_total=236 inner_rz=6 hs=34
Block 95: cx_prefix=135 cx_suffix=135 cx_total=270 inner_rz=5 hs=62
Block 96: cx_prefix=479 cx_suffix=479 cx_total=958 inner_rz=5 hs=140
Block 97: cx_prefix=127 cx_suffix=127 cx_total=254 inner_rz=5 hs=58
Block 98: cx_prefix=454 cx_suffix=454 cx_total=908 inner_rz=4 hs=144
Block 99: cx_prefix=16 cx_suffix=16 cx_total=32 inner_rz=4 hs=4
Block 100: cx_prefix=7 cx_suffix=7 cx_total=14 inner_rz=4 hs=0
Block 101: cx_prefix=66 cx_suffix=66 cx_total=132 inner_rz=4 hs=26
Block 102: cx_prefix=87 cx_suffix=87 cx_total=174 inner_rz=5 hs=28
Block 103: cx_prefix=176 cx_suffix=176 cx_total=352 inner_rz=4 hs=54
Block 104: cx_prefix=107 cx_suffix=107 cx_total=214 inner_rz=5 hs=22
Block 105: cx_prefix=512 cx_suffix=512 cx_total=1024 inner_rz=5 hs=114
Block 106: cx_prefix=124 cx_suffix=124 cx_total=248 inner_rz=5 hs=56
Block 107: cx_prefix=213 cx_suffix=213 cx_total=426 inner_rz=5 hs=48
Block 108: cx_prefix=250 cx_suffix=250 cx_total=500 inner_rz=4 hs=130
Block 109: cx_prefix=192 cx_suffix=192 cx_total=384 inner_rz=4 hs=68
Block 110: cx_prefix=457 cx_suffix=457 cx_total=914 inner_rz=4 hs=130
Block 111: cx_prefix=146 cx_suffix=146 cx_total=292 inner_rz=4 hs=70
Block 112: cx_prefix=181 cx_suffix=181 cx_total=362 inner_rz=4 hs=52
Block 113: cx_prefix=153 cx_suffix=153 cx_total=306 inner_rz=4 hs=34
Block 114: cx_prefix=660 cx_suffix=660 cx_total=1320 inner_rz=4 hs=196
Block 115: cx_prefix=120 cx_suffix=120 cx_total=240 inner_rz=5 hs=28
Block 116: cx_prefix=228 cx_suffix=228 cx_total=456 inner_rz=5 hs=86
Block 117: cx_prefix=703 cx_suffix=703 cx_total=1406 inner_rz=4 hs=226
Block 118: cx_prefix=253 cx_suffix=253 cx_total=506 inner_rz=6 hs=94
Block 119: cx_prefix=401 cx_suffix=401 cx_total=802 inner_rz=6 hs=112
Block 120: cx_prefix=201 cx_suffix=201 cx_total=402 inner_rz=6 hs=68
Block 121: cx_prefix=525 cx_suffix=525 cx_total=1050 inner_rz=6 hs=158
Block 122: cx_prefix=275 cx_suffix=275 cx_total=550 inner_rz=4 hs=82
Block 123: cx_prefix=196 cx_suffix=196 cx_total=392 inner_rz=4 hs=48
Block 124: cx_prefix=157 cx_suffix=157 cx_total=314 inner_rz=4 hs=28
Block 125: cx_prefix=150 cx_suffix=150 cx_total=300 inner_rz=4 hs=52
Block 126: cx_prefix=19 cx_suffix=19 cx_total=38 inner_rz=5 hs=4
Block 127: cx_prefix=43 cx_suffix=43 cx_total=86 inner_rz=4 hs=12
Block 128: cx_prefix=13 cx_suffix=13 cx_total=26 inner_rz=3 hs=8
Block 129: cx_prefix=1 cx_suffix=1 cx_total=2 inner_rz=1 hs=0
Block 130: cx_prefix=1 cx_suffix=1 cx_total=2 inner_rz=1 hs=0
Block 131: cx_prefix=1 cx_suffix=1 cx_total=2 inner_rz=1 hs=0
Block 132: cx_prefix=1 cx_suffix=1 cx_total=2 inner_rz=1 hs=0
Block 133: cx_prefix=1 cx_suffix=1 cx_total=2 inner_rz=1 hs=0
Block 134: cx_prefix=1 cx_suffix=1 cx_total=2 inner_rz=1 hs=0
Block 135: cx_prefix=1 cx_suffix=1 cx_total=2 inner_rz=1 hs=0

qsyn> convert tableau qcir -r ncf

qsyn> qcir write /home/chenying/qsyn/out/ncf2q_10cases/Li2-JW14/Li2-JW14_after_2qncf_clifford_rz.qasm

qsyn> 
[warn]     The -f/--file option is deprecated and will be removed in the future.
[warn]     To run a script file with commands printing, use the -v flag with a filepath.
[warn]     To run a script file silently, simply supply the filepath.
